[2025-07-15 16:40:39.075] [redacted unrelated or identifying data]
[2025-07-15 16:40:39.075] [redacted unrelated or identifying data]
[2025-07-15 16:40:39.076] [redacted unrelated or identifying data]
[2025-07-15 16:40:39.076] [redacted unrelated or identifying data]
[2025-07-15 16:40:49.790] Stored local workbase with 380 transactions
[2025-07-15 16:41:19.791] Stored local workbase with 385 transactions
[2025-07-15 16:41:39.078] [redacted unrelated or identifying data]
[2025-07-15 16:41:39.078] [redacted unrelated or identifying data]
[2025-07-15 16:41:39.078] [redacted unrelated or identifying data]
[2025-07-15 16:41:39.078] [redacted unrelated or identifying data]
[2025-07-15 16:41:49.792] Stored local workbase with 392 transactions
[2025-07-15 16:42:19.793] Stored local workbase with 395 transactions
[2025-07-15 16:42:39.081] [redacted unrelated or identifying data]
[2025-07-15 16:42:39.081] [redacted unrelated or identifying data]
[2025-07-15 16:42:39.081] [redacted unrelated or identifying data]
[2025-07-15 16:42:39.081] [redacted unrelated or identifying data]
[2025-07-15 16:42:49.793] Stored local workbase with 398 transactions
[2025-07-15 16:43:06.731] Possible block solve diff 710482999042.425537 !
[2025-07-15 16:43:06.731] Submitting block data!
[2025-07-15 16:43:06.746] BLOCK ACCEPTED!
[2025-07-15 16:43:06.993] Solved and confirmed block 907231 by [redacted]
[2025-07-15 16:43:06.993] [redacted unrelated or identifying data]
[2025-07-15 16:43:06.993] [redacted unrelated or identifying data]
[2025-07-15 16:43:06.994] Block solved after 987273781798 shares at 193.3% diff
[2025-07-15 16:43:06.994] Submitting possible block solve share diff 710482999042.425537 !
[2025-07-15 16:43:19.780] Stored local workbase with 5 transactions
[2025-07-15 16:43:19.780] Network diff set to 507229352074.1
[2025-07-15 16:43:19.781] Block hash changed to 0000000000000000018c2b06ef515e2b1b01379764f77889f588cbcc5c5fe849
[2025-07-15 16:43:34.780] Stored local workbase with 6 transactions
[2025-07-15 16:43:39.083] [redacted unrelated or identifying data]
[2025-07-15 16:43:39.083] [redacted unrelated or identifying data]
[2025-07-15 16:43:39.083] [redacted unrelated or identifying data]
[2025-07-15 16:43:39.083] [redacted unrelated or identifying data]
[2025-07-15 16:44:04.780] Stored local workbase with 11 transactions
[2025-07-15 16:44:34.781] Stored local workbase with 16 transactions
[2025-07-15 16:44:39.085] [redacted unrelated or identifying data]
[2025-07-15 16:44:39.085] [redacted unrelated or identifying data]
[2025-07-15 16:44:39.085] [redacted unrelated or identifying data]
[2025-07-15 16:44:39.085] [redacted unrelated or identifying data]
[2025-07-15 16:45:04.781] Stored local workbase with 20 transactions
[2025-07-15 16:45:34.782] Stored local workbase with 30 transactions
[2025-07-15 16:45:39.087] [redacted unrelated or identifying data]
[2025-07-15 16:45:39.087] [redacted unrelated or identifying data]
[2025-07-15 16:45:39.087] [redacted unrelated or identifying data]
[2025-07-15 16:45:39.087] [redacted unrelated or identifying data]
[2025-07-15 16:46:04.783] Stored local workbase with 61 transactions
[2025-07-15 16:46:34.784] Stored local workbase with 68 transactions
[2025-07-15 16:46:39.090] [redacted unrelated or identifying data]
[2025-07-15 16:46:39.090] [redacted unrelated or identifying data]
[2025-07-15 16:46:39.090] [redacted unrelated or identifying data]
[2025-07-15 16:46:39.090] [redacted unrelated or identifying data]
