[2025-07-16 12:08:07.362] [redacted unrelated or identifying data]
[2025-07-16 12:08:11.088] Stored local workbase with 56 transactions
[2025-07-16 12:08:41.089] Stored local workbase with 64 transactions
[2025-07-16 12:08:41.966] [redacted unrelated or identifying data]
[2025-07-16 12:08:41.966] [redacted unrelated or identifying data]
[2025-07-16 12:08:41.967] [redacted unrelated or identifying data]
[2025-07-16 12:08:41.967] [redacted unrelated or identifying data]
[2025-07-16 12:08:41.967] [redacted unrelated or identifying data]
[2025-07-16 12:09:05.057] [redacted unrelated or identifying data]
[2025-07-16 12:09:05.495] [redacted unrelated or identifying data]
[2025-07-16 12:09:15.062] Stored local workbase with 67 transactions
[2025-07-16 12:09:41.969] [redacted unrelated or identifying data]
[2025-07-16 12:09:41.969] [redacted unrelated or identifying data]
[2025-07-16 12:09:41.969] [redacted unrelated or identifying data]
[2025-07-16 12:09:41.969] [redacted unrelated or identifying data]
[2025-07-16 12:09:41.969] [redacted unrelated or identifying data]
[2025-07-16 12:09:45.063] Stored local workbase with 75 transactions
[2025-07-16 12:10:04.489] Possible block solve diff 680044513560.368286 !
[2025-07-16 12:10:04.489] Submitting block data!
[2025-07-16 12:10:04.493] BLOCK ACCEPTED!
[2025-07-16 12:10:04.749] Solved and confirmed block 907353 by [redacted]
[2025-07-16 12:10:04.750] [redacted unrelated or identifying data]
[2025-07-16 12:10:04.750] [redacted unrelated or identifying data]
[2025-07-16 12:10:04.751] Block solved after 134702500000 shares at 26.2% diff
[2025-07-16 12:10:04.751] Submitting possible block solve share diff 680044513560.368286 !
[2025-07-16 12:10:13.833] [redacted unrelated or identifying data]
[2025-07-16 12:10:14.272] [redacted unrelated or identifying data]
[2025-07-16 12:10:18.835] Stored local workbase with 6 transactions
[2025-07-16 12:10:18.835] Network diff set to 513731504312.0
[2025-07-16 12:10:18.835] Block hash changed to 0000000000000000019de67f391cd31aa07ff2caea5513237f5e7a6a1910092d
[2025-07-16 12:10:33.835] Stored local workbase with 7 transactions
[2025-07-16 12:10:41.971] [redacted unrelated or identifying data]
[2025-07-16 12:10:41.971] [redacted unrelated or identifying data]
[2025-07-16 12:10:41.971] [redacted unrelated or identifying data]
[2025-07-16 12:10:41.971] [redacted unrelated or identifying data]
[2025-07-16 12:10:41.971] [redacted unrelated or identifying data]
[2025-07-16 12:10:55.785] [redacted unrelated or identifying data]
[2025-07-16 12:10:56.211] [redacted unrelated or identifying data]
[2025-07-16 12:11:05.787] Stored local workbase with 17 transactions
[2025-07-16 12:11:38.539] Stored local workbase with 23 transactions
[2025-07-16 12:11:41.974] [redacted unrelated or identifying data]
[2025-07-16 12:11:41.974] [redacted unrelated or identifying data]
[2025-07-16 12:11:41.974] [redacted unrelated or identifying data]
[2025-07-16 12:11:41.974] [redacted unrelated or identifying data]
[2025-07-16 12:11:41.974] [redacted unrelated or identifying data]
[2025-07-16 12:12:08.539] Stored local workbase with 24 transactions
[2025-07-16 12:12:38.540] Stored local workbase with 26 transactions
[2025-07-16 12:12:41.976] [redacted unrelated or identifying data]
[2025-07-16 12:12:41.976] [redacted unrelated or identifying data]
[2025-07-16 12:13:06.655] [redacted unrelated or identifying data]
[2025-07-16 12:13:07.122] [redacted unrelated or identifying data]
