[2025-07-17 13:55:45.726] [redacted unrelated or identifying data]
[2025-07-17 13:55:45.726] [redacted unrelated or identifying data]
[2025-07-17 13:55:45.726] [redacted unrelated or identifying data]
[2025-07-17 13:55:45.726] [redacted unrelated or identifying data]
[2025-07-17 13:56:10.728] Stored local workbase with 86 transactions
[2025-07-17 13:56:40.729] Stored local workbase with 89 transactions
[2025-07-17 13:56:45.728] [redacted unrelated or identifying data]
[2025-07-17 13:56:45.728] [redacted unrelated or identifying data]
[2025-07-17 13:56:45.728] [redacted unrelated or identifying data]
[2025-07-17 13:56:45.728] [redacted unrelated or identifying data]
[2025-07-17 13:57:10.731] Stored local workbase with 90 transactions
[2025-07-17 13:57:40.731] Stored local workbase with 95 transactions
[2025-07-17 13:57:45.730] [redacted unrelated or identifying data]
[2025-07-17 13:57:45.731] [redacted unrelated or identifying data]
[2025-07-17 13:57:45.731] [redacted unrelated or identifying data]
[2025-07-17 13:57:45.731] [redacted unrelated or identifying data]
[2025-07-17 13:57:45.731] [redacted unrelated or identifying data]
[2025-07-17 13:57:47.093] Possible block solve diff 553256123198.216309 !
[2025-07-17 13:57:47.094] Submitting block data!
[2025-07-17 13:57:47.099] BLOCK ACCEPTED!
[2025-07-17 13:57:47.370] Solved and confirmed block 907506 by [redacted]
[2025-07-17 13:57:47.370] [redacted unrelated or identifying data]
[2025-07-17 13:57:47.370] [redacted unrelated or identifying data]
[2025-07-17 13:57:47.370] Block solved after 666766500000 shares at 130.4% diff
[2025-07-17 13:57:47.370] Submitting possible block solve share diff 553256123198.216309 !
[2025-07-17 13:58:10.730] Stored local workbase with 10 transactions
[2025-07-17 13:58:10.730] Network diff set to 511539624073.9
[2025-07-17 13:58:10.732] Block hash changed to 000000000000000001fcc0c0f89f3fb3e8965a1808bbec3b89bc0057dea8985d
[2025-07-17 13:58:13.361] [redacted unrelated or identifying data]
[2025-07-17 13:58:13.361] [redacted unrelated or identifying data]
[2025-07-17 13:58:28.363] Stored local workbase with 17 transactions
[2025-07-17 13:58:45.733] [redacted unrelated or identifying data]
[2025-07-17 13:58:45.733] [redacted unrelated or identifying data]
[2025-07-17 13:58:45.733] [redacted unrelated or identifying data]
[2025-07-17 13:58:45.733] [redacted unrelated or identifying data]
[2025-07-17 13:58:45.733] [redacted unrelated or identifying data]
[2025-07-17 13:59:00.732] Stored local workbase with 19 transactions
[2025-07-17 13:59:30.734] Stored local workbase with 87 transactions
[2025-07-17 13:59:45.735] [redacted unrelated or identifying data]
[2025-07-17 13:59:45.735] [redacted unrelated or identifying data]
[2025-07-17 13:59:45.735] [redacted unrelated or identifying data]
[2025-07-17 13:59:45.735] [redacted unrelated or identifying data]
[2025-07-17 13:59:45.736] [redacted unrelated or identifying data]
[2025-07-17 14:00:00.737] Stored local workbase with 101 transactions
[2025-07-17 14:00:30.738] Stored local workbase with 111 transactions
[2025-07-17 14:00:45.739] [redacted unrelated or identifying data]
[2025-07-17 14:00:45.739] [redacted unrelated or identifying data]
[2025-07-17 14:00:45.739] [redacted unrelated or identifying data]
[2025-07-17 14:00:45.739] [redacted unrelated or identifying data]
[2025-07-17 14:00:45.739] [redacted unrelated or identifying data]
[2025-07-17 14:01:00.742] Stored local workbase with 120 transactions
