[2025-07-22 10:14:03.136] [redacted unrelated or identifying data]
[2025-07-22 10:14:18.154] Stored local workbase with 465 transactions
[2025-07-22 10:14:51.988] Stored local workbase with 467 transactions
[2025-07-22 10:15:03.138] [redacted unrelated or identifying data]
[2025-07-22 10:15:03.138] [redacted unrelated or identifying data]
[2025-07-22 10:15:03.138] [redacted unrelated or identifying data]
[2025-07-22 10:15:03.138] [redacted unrelated or identifying data]
[2025-07-22 10:15:03.138] [redacted unrelated or identifying data]
[2025-07-22 10:15:23.156] Stored local workbase with 469 transactions
[2025-07-22 10:15:53.156] Stored local workbase with 472 transactions
[2025-07-22 10:16:03.141] [redacted unrelated or identifying data]
[2025-07-22 10:16:03.141] [redacted unrelated or identifying data]
[2025-07-22 10:16:03.141] [redacted unrelated or identifying data]
[2025-07-22 10:16:03.141] [redacted unrelated or identifying data]
[2025-07-22 10:16:03.141] [redacted unrelated or identifying data]
[2025-07-22 10:16:23.159] Stored local workbase with 475 transactions
[2025-07-22 10:16:53.159] Stored local workbase with 476 transactions
[2025-07-22 10:16:59.101] Possible block solve diff 825647252420.061523 !
[2025-07-22 10:16:59.102] Submitting block data!
[2025-07-22 10:16:59.163] BLOCK ACCEPTED!
[2025-07-22 10:16:59.410] Solved and confirmed block 908222 by [redacted]
[2025-07-22 10:16:59.411] [redacted unrelated or identifying data]
[2025-07-22 10:16:59.411] [redacted unrelated or identifying data]
[2025-07-22 10:16:59.411] Block solved after 711801583858 shares at 131.9% diff
[2025-07-22 10:16:59.412] Submitting possible block solve share diff 825647252420.061523 !
[2025-07-22 10:17:03.143] [redacted unrelated or identifying data]
[2025-07-22 10:17:03.143] [redacted unrelated or identifying data]
[2025-07-22 10:17:03.143] [redacted unrelated or identifying data]
[2025-07-22 10:17:03.143] [redacted unrelated or identifying data]
[2025-07-22 10:17:03.143] [redacted unrelated or identifying data]
[2025-07-22 10:17:23.142] Stored local workbase with 4 transactions
[2025-07-22 10:17:23.142] Network diff set to 534301944419.1
[2025-07-22 10:17:23.146] Block hash changed to 00000000000000000154e8bc5d8916bb32738fe11d9979dd4fe63e717e209352
[2025-07-22 10:17:38.142] Stored local workbase with 5 transactions
[2025-07-22 10:18:03.145] [redacted unrelated or identifying data]
[2025-07-22 10:18:03.145] [redacted unrelated or identifying data]
[2025-07-22 10:18:03.146] [redacted unrelated or identifying data]
[2025-07-22 10:18:08.144] Stored local workbase with 7 transactions
[2025-07-22 10:18:38.785] Stored local workbase with 12 transactions
[2025-07-22 10:19:03.149] [redacted unrelated or identifying data]
[2025-07-22 10:19:03.149] [redacted unrelated or identifying data]
[2025-07-22 10:19:03.149] [redacted unrelated or identifying data]
[2025-07-22 10:19:03.149] [redacted unrelated or identifying data]
[2025-07-22 10:19:03.149] [redacted unrelated or identifying data]
[2025-07-22 10:19:08.147] Stored local workbase with 17 transactions
[2025-07-22 10:19:38.147] Stored local workbase with 21 transactions
[2025-07-22 10:20:03.150] [redacted unrelated or identifying data]
[2025-07-22 10:20:03.150] [redacted unrelated or identifying data]
[2025-07-22 10:20:03.150] [redacted unrelated or identifying data]
[2025-07-22 10:20:03.150] [redacted unrelated or identifying data]
[2025-07-22 10:20:03.150] [redacted unrelated or identifying data]
