[2025-07-23 13:03:13.849] [redacted unrelated or identifying data]
[2025-07-23 13:03:13.849] [redacted unrelated or identifying data]
[2025-07-23 13:03:13.849] [redacted unrelated or identifying data]
[2025-07-23 13:03:13.849] [redacted unrelated or identifying data]
[2025-07-23 13:03:26.525] Stored local workbase with 128 transactions
[2025-07-23 13:03:56.526] Stored local workbase with 133 transactions
[2025-07-23 13:04:13.851] [redacted unrelated or identifying data]
[2025-07-23 13:04:13.851] [redacted unrelated or identifying data]
[2025-07-23 13:04:13.851] [redacted unrelated or identifying data]
[2025-07-23 13:04:26.526] Stored local workbase with 135 transactions
[2025-07-23 13:04:56.527] Stored local workbase with 140 transactions
[2025-07-23 13:05:13.853] [redacted unrelated or identifying data]
[2025-07-23 13:05:13.854] [redacted unrelated or identifying data]
[2025-07-23 13:05:13.854] [redacted unrelated or identifying data]
[2025-07-23 13:05:13.854] [redacted unrelated or identifying data]
[2025-07-23 13:05:26.527] Stored local workbase with 142 transactions
[2025-07-23 13:05:56.528] Stored local workbase with 146 transactions
[2025-07-23 13:06:02.935] Possible block solve diff 2171318151744.892578 !
[2025-07-23 13:06:02.935] Submitting block data!
[2025-07-23 13:06:02.944] BLOCK ACCEPTED!
[2025-07-23 13:06:03.198] Solved and confirmed block 908385 by [redacted]
[2025-07-23 13:06:03.199] [redacted unrelated or identifying data]
[2025-07-23 13:06:03.199] [redacted unrelated or identifying data]
[2025-07-23 13:06:03.199] Block solved after 274771945173 shares at 51.2% diff
[2025-07-23 13:06:03.199] Submitting possible block solve share diff 2171318151744.892578 !
[2025-07-23 13:06:13.856] [redacted unrelated or identifying data]
[2025-07-23 13:06:13.856] [redacted unrelated or identifying data]
[2025-07-23 13:06:13.856] [redacted unrelated or identifying data]
[2025-07-23 13:06:13.856] [redacted unrelated or identifying data]
[2025-07-23 13:06:26.522] Stored local workbase with 8 transactions
[2025-07-23 13:06:26.522] Network diff set to 537005667871.3
[2025-07-23 13:06:26.529] Block hash changed to 00000000000000000081a199777c7ca6f6079fcc81e6b89cb9af4c3e03cfd9b5
[2025-07-23 13:06:38.877] [redacted unrelated or identifying data]
[2025-07-23 13:06:43.879] Stored local workbase with 9 transactions
[2025-07-23 13:07:13.858] [redacted unrelated or identifying data]
[2025-07-23 13:07:13.858] [redacted unrelated or identifying data]
[2025-07-23 13:07:13.858] [redacted unrelated or identifying data]
[2025-07-23 13:07:13.858] [redacted unrelated or identifying data]
[2025-07-23 13:07:13.880] Stored local workbase with 11 transactions
[2025-07-23 13:07:43.880] Stored local workbase with 13 transactions
[2025-07-23 13:08:13.861] [redacted unrelated or identifying data]
[2025-07-23 13:08:13.861] [redacted unrelated or identifying data]
[2025-07-23 13:08:13.861] [redacted unrelated or identifying data]
[2025-07-23 13:08:13.861] [redacted unrelated or identifying data]
[2025-07-23 13:08:13.880] Stored local workbase with 6 transactions
[2025-07-23 13:08:13.880] Network diff set to 538092423522.3
[2025-07-23 13:08:13.880] Block hash changed to 0000000000000000005ef94b1801d66969658681029a0063a349ebec69270cce
[2025-07-23 13:08:28.880] Stored local workbase with 20 transactions
[2025-07-23 13:08:58.881] Stored local workbase with 28 transactions
[2025-07-23 13:09:13.863] [redacted unrelated or identifying data]
[2025-07-23 13:09:13.864] [redacted unrelated or identifying data]
