[2025-07-29 16:37:26.218] [redacted unrelated or identifying data]
[2025-07-29 16:37:26.218] [redacted unrelated or identifying data]
[2025-07-29 16:37:26.218] [redacted unrelated or identifying data]
[2025-07-29 16:37:26.221] Stored local workbase with 78 transactions
[2025-07-29 16:37:56.223] Stored local workbase with 82 transactions
[2025-07-29 16:38:26.221] [redacted unrelated or identifying data]
[2025-07-29 16:38:26.221] [redacted unrelated or identifying data]
[2025-07-29 16:38:26.221] [redacted unrelated or identifying data]
[2025-07-29 16:38:26.221] [redacted unrelated or identifying data]
[2025-07-29 16:38:26.224] Stored local workbase with 99 transactions
[2025-07-29 16:38:56.225] Stored local workbase with 102 transactions
[2025-07-29 16:39:26.223] [redacted unrelated or identifying data]
[2025-07-29 16:39:26.223] [redacted unrelated or identifying data]
[2025-07-29 16:39:26.223] [redacted unrelated or identifying data]
[2025-07-29 16:39:26.223] [redacted unrelated or identifying data]
[2025-07-29 16:39:26.225] Stored local workbase with 102 transactions
[2025-07-29 16:39:56.228] Stored local workbase with 105 transactions
[2025-07-29 16:40:13.308] Possible block solve diff 978256722549.876465 !
[2025-07-29 16:40:13.308] Submitting block data!
[2025-07-29 16:40:13.313] BLOCK ACCEPTED!
[2025-07-29 16:40:13.560] Solved and confirmed block 909310 by [redacted]
[2025-07-29 16:40:13.560] [redacted unrelated or identifying data]
[2025-07-29 16:40:13.560] [redacted unrelated or identifying data]
[2025-07-29 16:40:13.560] Block solved after 819586477805 shares at 138.7% diff
[2025-07-29 16:40:13.561] Submitting possible block solve share diff 978256722549.876465 !
[2025-07-29 16:40:26.225] Stored local workbase with 4 transactions
[2025-07-29 16:40:26.225] Network diff set to 590767432638.1
[2025-07-29 16:40:26.225] Block hash changed to 0000000000000000011fba0fecf3d062d962d15dd2b9f271460dcba010f7c70f
[2025-07-29 16:40:26.226] [redacted unrelated or identifying data]
[2025-07-29 16:40:26.226] [redacted unrelated or identifying data]
[2025-07-29 16:40:26.226] [redacted unrelated or identifying data]
[2025-07-29 16:40:26.226] [redacted unrelated or identifying data]
[2025-07-29 16:40:41.227] Stored local workbase with 6 transactions
[2025-07-29 16:41:11.227] Stored local workbase with 10 transactions
[2025-07-29 16:41:26.228] [redacted unrelated or identifying data]
[2025-07-29 16:41:26.228] [redacted unrelated or identifying data]
[2025-07-29 16:41:26.228] [redacted unrelated or identifying data]
[2025-07-29 16:41:26.228] [redacted unrelated or identifying data]
[2025-07-29 16:41:41.230] Stored local workbase with 12 transactions
[2025-07-29 16:42:11.230] Stored local workbase with 16 transactions
[2025-07-29 16:42:26.231] [redacted unrelated or identifying data]
[2025-07-29 16:42:26.231] [redacted unrelated or identifying data]
[2025-07-29 16:42:26.231] [redacted unrelated or identifying data]
[2025-07-29 16:42:26.231] [redacted unrelated or identifying data]
[2025-07-29 16:42:41.232] Stored local workbase with 18 transactions
[2025-07-29 16:43:11.233] Stored local workbase with 19 transactions
[2025-07-29 16:43:26.233] [redacted unrelated or identifying data]
[2025-07-29 16:43:33.487] [redacted unrelated or identifying data]
[2025-07-29 16:43:43.490] Stored local workbase with 23 transactions
[2025-07-29 16:44:13.491] Stored local workbase with 27 transactions
[2025-07-29 16:44:26.236] [redacted unrelated or identifying data]
