[2025-07-30 22:28:30.664] [redacted unrelated or identifying data]
[2025-07-30 22:28:30.664] [redacted unrelated or identifying data]
[2025-07-30 22:28:30.664] [redacted unrelated or identifying data]
[2025-07-30 22:28:30.664] [redacted unrelated or identifying data]
[2025-07-30 22:28:45.667] Stored local workbase with 48 transactions
[2025-07-30 22:29:15.668] Stored local workbase with 57 transactions
[2025-07-30 22:29:30.667] [redacted unrelated or identifying data]
[2025-07-30 22:29:30.667] [redacted unrelated or identifying data]
[2025-07-30 22:29:30.667] [redacted unrelated or identifying data]
[2025-07-30 22:29:30.667] [redacted unrelated or identifying data]
[2025-07-30 22:29:45.670] Stored local workbase with 64 transactions
[2025-07-30 22:30:15.543] Stored local workbase with 70 transactions
[2025-07-30 22:30:30.669] [redacted unrelated or identifying data]
[2025-07-30 22:30:30.669] [redacted unrelated or identifying data]
[2025-07-30 22:30:30.669] [redacted unrelated or identifying data]
[2025-07-30 22:30:30.669] [redacted unrelated or identifying data]
[2025-07-30 22:30:45.673] Stored local workbase with 78 transactions
[2025-07-30 22:31:03.654] Possible block solve diff 792245909507.185791 !
[2025-07-30 22:31:03.654] Submitting block data!
[2025-07-30 22:31:03.658] BLOCK ACCEPTED!
[2025-07-30 22:31:03.911] Solved and confirmed block 909494 by [redacted]
[2025-07-30 22:31:03.912] [redacted unrelated or identifying data]
[2025-07-30 22:31:03.912] [redacted unrelated or identifying data]
[2025-07-30 22:31:03.912] Block solved after 643676000000 shares at 107.8% diff
[2025-07-30 22:31:03.912] Submitting possible block solve share diff 792245909507.185791 !
[2025-07-30 22:31:15.671] Stored local workbase with 7 transactions
[2025-07-30 22:31:15.671] Network diff set to 597805571214.2
[2025-07-30 22:31:15.671] Block hash changed to 00000000000000000163482eb6a8c704ca246446c36b5398c7cf3449dc2eaf22
[2025-07-30 22:31:30.671] Stored local workbase with 11 transactions
[2025-07-30 22:31:30.672] [redacted unrelated or identifying data]
[2025-07-30 22:31:30.672] [redacted unrelated or identifying data]
[2025-07-30 22:31:30.672] [redacted unrelated or identifying data]
[2025-07-30 22:31:30.672] [redacted unrelated or identifying data]
[2025-07-30 22:32:00.674] Stored local workbase with 20 transactions
[2025-07-30 22:32:30.674] Stored local workbase with 17 transactions
[2025-07-30 22:32:30.674] Network diff set to 599187527763.9
[2025-07-30 22:32:30.674] Block hash changed to 0000000000000000018b433bd8078381573341dfde021461a992538024b258be
[2025-07-30 22:32:30.674] [redacted unrelated or identifying data]
[2025-07-30 22:32:30.674] [redacted unrelated or identifying data]
[2025-07-30 22:32:30.674] [redacted unrelated or identifying data]
[2025-07-30 22:32:30.674] [redacted unrelated or identifying data]
[2025-07-30 22:32:45.676] Stored local workbase with 19 transactions
[2025-07-30 22:33:15.677] Stored local workbase with 20 transactions
[2025-07-30 22:33:30.677] [redacted unrelated or identifying data]
[2025-07-30 22:33:30.677] [redacted unrelated or identifying data]
[2025-07-30 22:33:30.677] [redacted unrelated or identifying data]
[2025-07-30 22:33:30.677] [redacted unrelated or identifying data]
[2025-07-30 22:33:45.679] Stored local workbase with 24 transactions
[2025-07-30 22:34:15.679] Stored local workbase with 27 transactions
[2025-07-30 22:34:30.679] [redacted unrelated or identifying data]
[2025-07-30 22:34:30.679] [redacted unrelated or identifying data]
