[2025-08-01 04:09:08.189] [redacted unrelated or identifying data]
[2025-08-01 04:09:08.189] [redacted unrelated or identifying data]
[2025-08-01 04:09:09.730] Stored local workbase with 28 transactions
[2025-08-01 04:09:39.730] Stored local workbase with 32 transactions
[2025-08-01 04:10:08.192] [redacted unrelated or identifying data]
[2025-08-01 04:10:09.732] Stored local workbase with 36 transactions
[2025-08-01 04:10:39.732] Stored local workbase with 39 transactions
[2025-08-01 04:11:08.194] [redacted unrelated or identifying data]
[2025-08-01 04:11:08.194] [redacted unrelated or identifying data]
[2025-08-01 04:11:08.194] [redacted unrelated or identifying data]
[2025-08-01 04:11:08.194] [redacted unrelated or identifying data]
[2025-08-01 04:11:09.733] Stored local workbase with 43 transactions
[2025-08-01 04:11:39.733] Stored local workbase with 49 transactions
[2025-08-01 04:12:08.197] [redacted unrelated or identifying data]
[2025-08-01 04:12:08.197] [redacted unrelated or identifying data]
[2025-08-01 04:12:08.197] [redacted unrelated or identifying data]
[2025-08-01 04:12:08.197] [redacted unrelated or identifying data]
[2025-08-01 04:12:09.250] Possible block solve diff 1001566774215.893433 !
[2025-08-01 04:12:09.250] Submitting block data!
[2025-08-01 04:12:09.252] BLOCK ACCEPTED!
[2025-08-01 04:12:09.537] Solved and confirmed block 909669 by [redacted]
[2025-08-01 04:12:09.538] [redacted unrelated or identifying data]
[2025-08-01 04:12:09.538] [redacted unrelated or identifying data]
[2025-08-01 04:12:09.538] Block solved after 474739836964 shares at 80.1% diff
[2025-08-01 04:12:09.538] Submitting possible block solve share diff 1001566774215.893433 !
[2025-08-01 04:12:09.732] Stored local workbase with 2 transactions
[2025-08-01 04:12:09.732] Network diff set to 593370125220.7
[2025-08-01 04:12:09.732] Block hash changed to 0000000000000000011907c65e326eee2492950aa7a0622a204a92e10bd7719d
[2025-08-01 04:12:24.732] Stored local workbase with 5 transactions
[2025-08-01 04:12:54.732] Stored local workbase with 12 transactions
[2025-08-01 04:13:08.199] [redacted unrelated or identifying data]
[2025-08-01 04:13:08.199] [redacted unrelated or identifying data]
[2025-08-01 04:13:08.199] [redacted unrelated or identifying data]
[2025-08-01 04:13:08.199] [redacted unrelated or identifying data]
[2025-08-01 04:13:24.733] Stored local workbase with 15 transactions
[2025-08-01 04:13:24.951] [redacted unrelated or identifying data]
[2025-08-01 04:13:54.953] Stored local workbase with 15 transactions
[2025-08-01 04:14:08.201] [redacted unrelated or identifying data]
[2025-08-01 04:14:08.201] [redacted unrelated or identifying data]
[2025-08-01 04:14:08.201] [redacted unrelated or identifying data]
[2025-08-01 04:14:08.201] [redacted unrelated or identifying data]
[2025-08-01 04:14:24.953] Stored local workbase with 20 transactions
[2025-08-01 04:14:54.954] Stored local workbase with 24 transactions
[2025-08-01 04:15:08.204] [redacted unrelated or identifying data]
[2025-08-01 04:15:24.954] Stored local workbase with 29 transactions
[2025-08-01 04:15:54.955] Stored local workbase with 36 transactions
[2025-08-01 04:16:08.206] [redacted unrelated or identifying data]
[2025-08-01 04:16:08.206] [redacted unrelated or identifying data]
[2025-08-01 04:16:08.206] [redacted unrelated or identifying data]
[2025-08-01 04:16:08.206] [redacted unrelated or identifying data]
[2025-08-01 04:16:24.956] Stored local workbase with 38 transactions
