[2025-08-01 08:52:08.881] [redacted unrelated or identifying data]
[2025-08-01 08:52:35.305] Stored local workbase with 57 transactions
[2025-08-01 08:53:05.306] Stored local workbase with 65 transactions
[2025-08-01 08:53:08.883] [redacted unrelated or identifying data]
[2025-08-01 08:53:08.883] [redacted unrelated or identifying data]
[2025-08-01 08:53:08.883] [redacted unrelated or identifying data]
[2025-08-01 08:53:08.883] [redacted unrelated or identifying data]
[2025-08-01 08:53:35.306] Stored local workbase with 70 transactions
[2025-08-01 08:54:07.173] Stored local workbase with 81 transactions
[2025-08-01 08:54:08.885] [redacted unrelated or identifying data]
[2025-08-01 08:54:08.885] [redacted unrelated or identifying data]
[2025-08-01 08:54:08.885] [redacted unrelated or identifying data]
[2025-08-01 08:54:08.885] [redacted unrelated or identifying data]
[2025-08-01 08:54:37.174] Stored local workbase with 89 transactions
[2025-08-01 08:55:07.175] Stored local workbase with 94 transactions
[2025-08-01 08:55:08.888] [redacted unrelated or identifying data]
[2025-08-01 08:55:08.888] [redacted unrelated or identifying data]
[2025-08-01 08:55:14.696] Possible block solve diff 1583666499430.712891 !
[2025-08-01 08:55:14.696] Submitting block data!
[2025-08-01 08:55:14.700] BLOCK ACCEPTED!
[2025-08-01 08:55:14.984] Solved and confirmed block 909701 by [redacted]
[2025-08-01 08:55:14.984] [redacted unrelated or identifying data]
[2025-08-01 08:55:14.984] [redacted unrelated or identifying data]
[2025-08-01 08:55:14.984] Block solved after 33609252528 shares at 5.6% diff
[2025-08-01 08:55:14.984] Submitting possible block solve share diff 1583666499430.712891 !
[2025-08-01 08:55:37.172] Stored local workbase with 3 transactions
[2025-08-01 08:55:37.172] Network diff set to 598620054052.1
[2025-08-01 08:55:37.172] Block hash changed to 000000000000000000b1bbca763941a4e9833fd99780825c1d7e348fa714cc51
[2025-08-01 08:55:52.172] Stored local workbase with 4 transactions
[2025-08-01 08:56:08.890] [redacted unrelated or identifying data]
[2025-08-01 08:56:08.890] [redacted unrelated or identifying data]
[2025-08-01 08:56:08.890] [redacted unrelated or identifying data]
[2025-08-01 08:56:08.890] [redacted unrelated or identifying data]
[2025-08-01 08:56:22.173] Stored local workbase with 8 transactions
[2025-08-01 08:56:52.174] Stored local workbase with 29 transactions
[2025-08-01 08:57:08.893] [redacted unrelated or identifying data]
[2025-08-01 08:57:08.893] [redacted unrelated or identifying data]
[2025-08-01 08:57:08.893] [redacted unrelated or identifying data]
[2025-08-01 08:57:08.893] [redacted unrelated or identifying data]
[2025-08-01 08:57:22.175] Stored local workbase with 60 transactions
[2025-08-01 08:57:52.175] Stored local workbase with 62 transactions
[2025-08-01 08:58:08.895] [redacted unrelated or identifying data]
[2025-08-01 08:58:08.895] [redacted unrelated or identifying data]
[2025-08-01 08:58:08.895] [redacted unrelated or identifying data]
[2025-08-01 08:58:08.895] [redacted unrelated or identifying data]
[2025-08-01 08:58:22.176] Stored local workbase with 68 transactions
[2025-08-01 08:58:54.207] Stored local workbase with 72 transactions
[2025-08-01 08:59:08.898] [redacted unrelated or identifying data]
[2025-08-01 08:59:08.898] [redacted unrelated or identifying data]
[2025-08-01 08:59:08.898] [redacted unrelated or identifying data]
[2025-08-01 08:59:08.898] [redacted unrelated or identifying data]
