[2025-08-01 12:02:09.339] [redacted unrelated or identifying data]
[2025-08-01 12:02:12.401] Stored local workbase with 4 transactions
[2025-08-01 12:02:12.401] Network diff set to 597711353636.5
[2025-08-01 12:02:12.402] Block hash changed to 0000000000000000011eef8b805d740e2cc0cb260e014c5a375ba1c597acacca
[2025-08-01 12:02:27.402] Stored local workbase with 6 transactions
[2025-08-01 12:02:57.403] Stored local workbase with 7 transactions
[2025-08-01 12:03:09.342] [redacted unrelated or identifying data]
[2025-08-01 12:03:09.342] [redacted unrelated or identifying data]
[2025-08-01 12:03:09.342] [redacted unrelated or identifying data]
[2025-08-01 12:03:09.342] [redacted unrelated or identifying data]
[2025-08-01 12:03:27.404] Stored local workbase with 12 transactions
[2025-08-01 12:03:57.404] Stored local workbase with 18 transactions
[2025-08-01 12:04:09.344] [redacted unrelated or identifying data]
[2025-08-01 12:04:09.344] [redacted unrelated or identifying data]
[2025-08-01 12:04:09.344] [redacted unrelated or identifying data]
[2025-08-01 12:04:09.344] [redacted unrelated or identifying data]
[2025-08-01 12:04:27.406] Stored local workbase with 26 transactions
[2025-08-01 12:04:37.859] Possible block solve diff 1988255568445.872559 !
[2025-08-01 12:04:37.859] Submitting block data!
[2025-08-01 12:04:37.862] BLOCK ACCEPTED!
[2025-08-01 12:04:38.152] Solved and confirmed block 909720 by [redacted]
[2025-08-01 12:04:38.152] [redacted unrelated or identifying data]
[2025-08-01 12:04:38.152] [redacted unrelated or identifying data]
[2025-08-01 12:04:38.152] Block solved after 89013500000 shares at 14.9% diff
[2025-08-01 12:04:38.152] Submitting possible block solve share diff 1988255568445.872559 !
[2025-08-01 12:04:57.404] Stored local workbase with 1 transactions
[2025-08-01 12:04:57.404] Network diff set to 600135711946.7
[2025-08-01 12:04:57.404] Block hash changed to 0000000000000000006e16f409240e58084e84915df7834906c6255015e1b8e3
[2025-08-01 12:05:09.346] [redacted unrelated or identifying data]
[2025-08-01 12:05:09.346] [redacted unrelated or identifying data]
[2025-08-01 12:05:09.346] [redacted unrelated or identifying data]
[2025-08-01 12:05:09.346] [redacted unrelated or identifying data]
[2025-08-01 12:05:12.404] Stored local workbase with 2 transactions
[2025-08-01 12:05:12.404] Network diff set to 601538518589.7
[2025-08-01 12:05:12.405] Block hash changed to 000000000000000000959de262f3c2976d944ca41c751df642a21c6f69360ba5
[2025-08-01 12:05:27.405] Stored local workbase with 6 transactions
[2025-08-01 12:05:57.405] Stored local workbase with 8 transactions
[2025-08-01 12:06:09.349] [redacted unrelated or identifying data]
[2025-08-01 12:06:09.349] [redacted unrelated or identifying data]
[2025-08-01 12:06:09.349] [redacted unrelated or identifying data]
[2025-08-01 12:06:09.349] [redacted unrelated or identifying data]
[2025-08-01 12:06:27.406] Stored local workbase with 16 transactions
[2025-08-01 12:06:57.406] Stored local workbase with 17 transactions
[2025-08-01 12:07:09.351] [redacted unrelated or identifying data]
[2025-08-01 12:07:09.351] [redacted unrelated or identifying data]
[2025-08-01 12:07:09.351] [redacted unrelated or identifying data]
[2025-08-01 12:07:09.351] [redacted unrelated or identifying data]
[2025-08-01 12:07:27.408] Stored local workbase with 21 transactions
[2025-08-01 12:07:57.408] Stored local workbase with 24 transactions
[2025-08-01 12:08:09.354] [redacted unrelated or identifying data]
[2025-08-01 12:08:09.354] [redacted unrelated or identifying data]
