[2025-08-02 18:10:02.919] [redacted unrelated or identifying data]
[2025-08-02 18:10:09.185] [redacted unrelated or identifying data]
[2025-08-02 18:10:09.185] [redacted unrelated or identifying data]
[2025-08-02 18:10:09.185] [redacted unrelated or identifying data]
[2025-08-02 18:10:09.185] [redacted unrelated or identifying data]
[2025-08-02 18:10:20.435] [redacted unrelated or identifying data]
[2025-08-02 18:10:20.954] [redacted unrelated or identifying data]
[2025-08-02 18:10:32.922] Stored local workbase with 37 transactions
[2025-08-02 18:11:02.922] Stored local workbase with 41 transactions
[2025-08-02 18:11:09.188] [redacted unrelated or identifying data]
[2025-08-02 18:11:32.923] Stored local workbase with 46 transactions
[2025-08-02 18:12:02.923] Stored local workbase with 50 transactions
[2025-08-02 18:12:09.190] [redacted unrelated or identifying data]
[2025-08-02 18:12:09.190] [redacted unrelated or identifying data]
[2025-08-02 18:12:09.190] [redacted unrelated or identifying data]
[2025-08-02 18:12:09.190] [redacted unrelated or identifying data]
[2025-08-02 18:12:32.924] Stored local workbase with 52 transactions
[2025-08-02 18:12:53.344] Possible block solve diff 20556755759984.589844 !
[2025-08-02 18:12:53.344] Submitting block data!
[2025-08-02 18:12:53.347] BLOCK ACCEPTED!
[2025-08-02 18:12:53.641] Solved and confirmed block 909890 by [redacted]
[2025-08-02 18:12:53.641] [redacted unrelated or identifying data]
[2025-08-02 18:12:53.641] [redacted unrelated or identifying data]
[2025-08-02 18:12:53.641] Block solved after 235268959813 shares at 40.4% diff
[2025-08-02 18:12:53.641] Submitting possible block solve share diff 20556755759984.589844 !
[2025-08-02 18:13:02.923] Stored local workbase with 4 transactions
[2025-08-02 18:13:02.923] Network diff set to 583325868241.8
[2025-08-02 18:13:02.924] Block hash changed to 0000000000000000000db13f155adfcb21da5649e2aa878dff43c7d1e85662a4
[2025-08-02 18:13:09.192] [redacted unrelated or identifying data]
[2025-08-02 18:13:09.192] [redacted unrelated or identifying data]
[2025-08-02 18:13:09.192] [redacted unrelated or identifying data]
[2025-08-02 18:13:09.192] [redacted unrelated or identifying data]
[2025-08-02 18:13:17.924] Stored local workbase with 7 transactions
[2025-08-02 18:13:47.924] Stored local workbase with 9 transactions
[2025-08-02 18:14:09.195] [redacted unrelated or identifying data]
[2025-08-02 18:14:09.195] [redacted unrelated or identifying data]
[2025-08-02 18:14:09.195] [redacted unrelated or identifying data]
[2025-08-02 18:14:09.195] [redacted unrelated or identifying data]
[2025-08-02 18:14:17.926] Stored local workbase with 59 transactions
[2025-08-02 18:14:47.926] Stored local workbase with 63 transactions
[2025-08-02 18:15:03.004] [redacted unrelated or identifying data]
[2025-08-02 18:15:03.004] [redacted unrelated or identifying data]
[2025-08-02 18:15:09.197] [redacted unrelated or identifying data]
[2025-08-02 18:15:09.197] [redacted unrelated or identifying data]
[2025-08-02 18:15:09.197] [redacted unrelated or identifying data]
[2025-08-02 18:15:09.197] [redacted unrelated or identifying data]
[2025-08-02 18:15:18.006] Stored local workbase with 9 transactions
[2025-08-02 18:15:18.006] Network diff set to 584470896916.1
[2025-08-02 18:15:18.007] Block hash changed to 00000000000000000170aedfc0f5fb1304691ae0dcb9c7208346102956bfc3a0
[2025-08-02 18:15:20.567] [redacted unrelated or identifying data]
[2025-08-02 18:15:20.848] [redacted unrelated or identifying data]
