[2025-08-02 02:54:06.975] [redacted unrelated or identifying data]
[2025-08-02 02:54:20.556] Stored local workbase with 148 transactions
[2025-08-02 02:54:50.560] Stored local workbase with 152 transactions
[2025-08-02 02:55:06.978] [redacted unrelated or identifying data]
[2025-08-02 02:55:06.978] [redacted unrelated or identifying data]
[2025-08-02 02:55:06.978] [redacted unrelated or identifying data]
[2025-08-02 02:55:06.978] [redacted unrelated or identifying data]
[2025-08-02 02:55:20.557] Stored local workbase with 154 transactions
[2025-08-02 02:55:50.558] Stored local workbase with 155 transactions
[2025-08-02 02:56:06.980] [redacted unrelated or identifying data]
[2025-08-02 02:56:06.980] [redacted unrelated or identifying data]
[2025-08-02 02:56:06.980] [redacted unrelated or identifying data]
[2025-08-02 02:56:06.980] [redacted unrelated or identifying data]
[2025-08-02 02:56:20.561] Stored local workbase with 160 transactions
[2025-08-02 02:56:50.564] Stored local workbase with 164 transactions
[2025-08-02 02:57:06.982] [redacted unrelated or identifying data]
[2025-08-02 02:57:20.562] Stored local workbase with 166 transactions
[2025-08-02 02:57:49.652] Possible block solve diff 953182878884.153809 !
[2025-08-02 02:57:49.653] Submitting block data!
[2025-08-02 02:57:49.708] BLOCK ACCEPTED!
[2025-08-02 02:57:49.988] Solved and confirmed block 909802 by [redacted]
[2025-08-02 02:57:49.989] [redacted unrelated or identifying data]
[2025-08-02 02:57:49.989] [redacted unrelated or identifying data]
[2025-08-02 02:57:49.989] Block solved after 281831000000 shares at 47.8% diff
[2025-08-02 02:57:49.989] Submitting possible block solve share diff 953182878884.153809 !
[2025-08-02 02:57:50.495] Stored local workbase with 4 transactions
[2025-08-02 02:57:50.495] Network diff set to 588297923191.8
[2025-08-02 02:57:50.497] Block hash changed to 000000000000000001274baa7d6984e984b690888aff003e275b0e73f8409eba
[2025-08-02 02:58:05.495] Stored local workbase with 7 transactions
[2025-08-02 02:58:06.985] [redacted unrelated or identifying data]
[2025-08-02 02:58:06.985] [redacted unrelated or identifying data]
[2025-08-02 02:58:06.985] [redacted unrelated or identifying data]
[2025-08-02 02:58:06.985] [redacted unrelated or identifying data]
[2025-08-02 02:58:35.496] Stored local workbase with 20 transactions
[2025-08-02 02:59:05.512] Stored local workbase with 27 transactions
[2025-08-02 02:59:06.987] [redacted unrelated or identifying data]
[2025-08-02 02:59:06.987] [redacted unrelated or identifying data]
[2025-08-02 02:59:06.987] [redacted unrelated or identifying data]
[2025-08-02 02:59:06.987] [redacted unrelated or identifying data]
[2025-08-02 02:59:35.512] Stored local workbase with 29 transactions
[2025-08-02 03:00:05.535] Stored local workbase with 42 transactions
[2025-08-02 03:00:06.989] [redacted unrelated or identifying data]
[2025-08-02 03:00:06.989] [redacted unrelated or identifying data]
[2025-08-02 03:00:06.989] [redacted unrelated or identifying data]
[2025-08-02 03:00:06.989] [redacted unrelated or identifying data]
[2025-08-02 03:00:35.265] Stored local workbase with 52 transactions
[2025-08-02 03:01:05.276] Stored local workbase with 57 transactions
[2025-08-02 03:01:06.992] [redacted unrelated or identifying data]
[2025-08-02 03:01:06.992] [redacted unrelated or identifying data]
[2025-08-02 03:01:06.992] [redacted unrelated or identifying data]
[2025-08-02 03:01:06.992] [redacted unrelated or identifying data]
