[2025-08-02 12:56:17.387] Stored local workbase with 37 transactions
[2025-08-02 12:56:47.387] Stored local workbase with 41 transactions
[2025-08-02 12:57:08.425] [redacted unrelated or identifying data]
[2025-08-02 12:57:08.425] [redacted unrelated or identifying data]
[2025-08-02 12:57:08.425] [redacted unrelated or identifying data]
[2025-08-02 12:57:08.425] [redacted unrelated or identifying data]
[2025-08-02 12:57:17.388] Stored local workbase with 43 transactions
[2025-08-02 12:57:47.388] Stored local workbase with 44 transactions
[2025-08-02 12:58:08.427] [redacted unrelated or identifying data]
[2025-08-02 12:58:08.427] [redacted unrelated or identifying data]
[2025-08-02 12:58:17.389] Stored local workbase with 48 transactions
[2025-08-02 12:58:47.389] Stored local workbase with 52 transactions
[2025-08-02 12:59:08.429] [redacted unrelated or identifying data]
[2025-08-02 12:59:08.429] [redacted unrelated or identifying data]
[2025-08-02 12:59:08.429] [redacted unrelated or identifying data]
[2025-08-02 12:59:08.429] [redacted unrelated or identifying data]
[2025-08-02 12:59:17.390] Stored local workbase with 54 transactions
[2025-08-02 12:59:27.053] Possible block solve diff 2497459652801.126953 !
[2025-08-02 12:59:27.053] Submitting block data!
[2025-08-02 12:59:27.056] BLOCK ACCEPTED!
[2025-08-02 12:59:27.344] Solved and confirmed block 909866 by [redacted]
[2025-08-02 12:59:27.344] [redacted unrelated or identifying data]
[2025-08-02 12:59:27.344] [redacted unrelated or identifying data]
[2025-08-02 12:59:27.344] Block solved after 469306500000 shares at 79.1% diff
[2025-08-02 12:59:27.344] Submitting possible block solve share diff 2497459652801.126953 !
[2025-08-02 12:59:47.389] Stored local workbase with 4 transactions
[2025-08-02 12:59:47.389] Network diff set to 593712361998.4
[2025-08-02 12:59:47.389] Block hash changed to 00000000000000000070b3ea5542a916a91a04c27c4a47d5cf471ac2266b3ef3
[2025-08-02 13:00:02.389] Stored local workbase with 5 transactions
[2025-08-02 13:00:04.047] [redacted unrelated or identifying data]
[2025-08-02 13:00:08.432] [redacted unrelated or identifying data]
[2025-08-02 13:00:08.432] [redacted unrelated or identifying data]
[2025-08-02 13:00:08.432] [redacted unrelated or identifying data]
[2025-08-02 13:00:08.432] [redacted unrelated or identifying data]
[2025-08-02 13:00:22.354] [redacted unrelated or identifying data]
[2025-08-02 13:00:34.049] Stored local workbase with 12 transactions
[2025-08-02 13:01:04.050] Stored local workbase with 16 transactions
[2025-08-02 13:01:08.434] [redacted unrelated or identifying data]
[2025-08-02 13:01:08.434] [redacted unrelated or identifying data]
[2025-08-02 13:01:08.434] [redacted unrelated or identifying data]
[2025-08-02 13:01:08.434] [redacted unrelated or identifying data]
[2025-08-02 13:01:34.050] Stored local workbase with 21 transactions
[2025-08-02 13:02:04.051] Stored local workbase with 26 transactions
[2025-08-02 13:02:08.437] [redacted unrelated or identifying data]
[2025-08-02 13:02:08.437] [redacted unrelated or identifying data]
[2025-08-02 13:02:08.437] [redacted unrelated or identifying data]
[2025-08-02 13:02:08.437] [redacted unrelated or identifying data]
[2025-08-02 13:02:34.051] Stored local workbase with 29 transactions
[2025-08-02 13:03:04.052] Stored local workbase with 33 transactions
[2025-08-02 13:03:08.439] [redacted unrelated or identifying data]
[2025-08-02 13:03:08.439] [redacted unrelated or identifying data]
