[2025-08-02 23:52:02.765] Stored local workbase with 49 transactions
[2025-08-02 23:52:10.022] [redacted unrelated or identifying data]
[2025-08-02 23:52:10.022] [redacted unrelated or identifying data]
[2025-08-02 23:52:10.023] [redacted unrelated or identifying data]
[2025-08-02 23:52:10.023] [redacted unrelated or identifying data]
[2025-08-02 23:52:32.766] Stored local workbase with 52 transactions
[2025-08-02 23:53:02.767] Stored local workbase with 54 transactions
[2025-08-02 23:53:10.025] [redacted unrelated or identifying data]
[2025-08-02 23:53:10.025] [redacted unrelated or identifying data]
[2025-08-02 23:53:10.025] [redacted unrelated or identifying data]
[2025-08-02 23:53:10.025] [redacted unrelated or identifying data]
[2025-08-02 23:53:32.768] Stored local workbase with 56 transactions
[2025-08-02 23:54:02.768] Stored local workbase with 58 transactions
[2025-08-02 23:54:10.027] [redacted unrelated or identifying data]
[2025-08-02 23:54:10.027] [redacted unrelated or identifying data]
[2025-08-02 23:54:10.027] [redacted unrelated or identifying data]
[2025-08-02 23:54:10.027] [redacted unrelated or identifying data]
[2025-08-02 23:54:24.838] Possible block solve diff 47903569918424.023438 !
[2025-08-02 23:54:24.838] Submitting block data!
[2025-08-02 23:54:24.844] BLOCK ACCEPTED!
[2025-08-02 23:54:25.123] Solved and confirmed block 909930 by [redacted]
[2025-08-02 23:54:25.123] [redacted unrelated or identifying data]
[2025-08-02 23:54:25.123] [redacted unrelated or identifying data]
[2025-08-02 23:54:25.123] Block solved after 174284926321 shares at 29.5% diff
[2025-08-02 23:54:25.123] Submitting possible block solve share diff 47903569918424.023438 !
[2025-08-02 23:54:32.766] Stored local workbase with 3 transactions
[2025-08-02 23:54:32.766] Network diff set to 591562837327.1
[2025-08-02 23:54:32.767] Block hash changed to 00000000000000000005e032e77bc84305fbb2e6602004c465b42cb8b1f56459
[2025-08-02 23:54:47.766] Stored local workbase with 4 transactions
[2025-08-02 23:55:03.434] [redacted unrelated or identifying data]
[2025-08-02 23:55:03.805] [redacted unrelated or identifying data]
[2025-08-02 23:55:10.029] [redacted unrelated or identifying data]
[2025-08-02 23:55:10.029] [redacted unrelated or identifying data]
[2025-08-02 23:55:10.029] [redacted unrelated or identifying data]
[2025-08-02 23:55:10.029] [redacted unrelated or identifying data]
[2025-08-02 23:55:18.806] Stored local workbase with 6 transactions
[2025-08-02 23:55:19.280] [redacted unrelated or identifying data]
[2025-08-02 23:55:19.479] [redacted unrelated or identifying data]
[2025-08-02 23:55:48.807] Stored local workbase with 14 transactions
[2025-08-02 23:56:10.032] [redacted unrelated or identifying data]
[2025-08-02 23:56:18.807] Stored local workbase with 19 transactions
[2025-08-02 23:56:48.808] Stored local workbase with 24 transactions
[2025-08-02 23:57:10.034] [redacted unrelated or identifying data]
[2025-08-02 23:57:10.034] [redacted unrelated or identifying data]
[2025-08-02 23:57:10.034] [redacted unrelated or identifying data]
[2025-08-02 23:57:10.034] [redacted unrelated or identifying data]
[2025-08-02 23:57:18.809] Stored local workbase with 25 transactions
[2025-08-02 23:57:48.810] Stored local workbase with 27 transactions
[2025-08-02 23:58:10.037] [redacted unrelated or identifying data]
[2025-08-02 23:58:10.037] [redacted unrelated or identifying data]
[2025-08-02 23:58:10.037] [redacted unrelated or identifying data]
