[2025-08-03 00:45:02.700] Stored local workbase with 55 transactions
[2025-08-03 00:45:04.303] [redacted unrelated or identifying data]
[2025-08-03 00:45:04.311] [redacted unrelated or identifying data]
[2025-08-03 00:45:10.149] [redacted unrelated or identifying data]
[2025-08-03 00:45:10.149] [redacted unrelated or identifying data]
[2025-08-03 00:45:10.149] [redacted unrelated or identifying data]
[2025-08-03 00:45:10.149] [redacted unrelated or identifying data]
[2025-08-03 00:45:20.442] [redacted unrelated or identifying data]
[2025-08-03 00:45:20.443] [redacted unrelated or identifying data]
[2025-08-03 00:45:34.316] Stored local workbase with 60 transactions
[2025-08-03 00:46:04.316] Stored local workbase with 62 transactions
[2025-08-03 00:46:10.151] [redacted unrelated or identifying data]
[2025-08-03 00:46:10.151] [redacted unrelated or identifying data]
[2025-08-03 00:46:10.151] [redacted unrelated or identifying data]
[2025-08-03 00:46:10.151] [redacted unrelated or identifying data]
[2025-08-03 00:46:34.317] Stored local workbase with 72 transactions
[2025-08-03 00:47:04.318] Stored local workbase with 76 transactions
[2025-08-03 00:47:05.483] Possible block solve diff 1589384478228.292480 !
[2025-08-03 00:47:05.484] Submitting block data!
[2025-08-03 00:47:05.490] BLOCK ACCEPTED!
[2025-08-03 00:47:05.767] Solved and confirmed block 909933 by [redacted]
[2025-08-03 00:47:05.767] [redacted unrelated or identifying data]
[2025-08-03 00:47:05.767] [redacted unrelated or identifying data]
[2025-08-03 00:47:05.767] Block solved after 56793000000 shares at 9.7% diff
[2025-08-03 00:47:05.767] Submitting possible block solve share diff 1589384478228.292480 !
[2025-08-03 00:47:10.153] [redacted unrelated or identifying data]
[2025-08-03 00:47:10.153] [redacted unrelated or identifying data]
[2025-08-03 00:47:10.153] [redacted unrelated or identifying data]
[2025-08-03 00:47:10.153] [redacted unrelated or identifying data]
[2025-08-03 00:47:34.314] Stored local workbase with 5 transactions
[2025-08-03 00:47:34.314] Network diff set to 588331546803.5
[2025-08-03 00:47:34.315] Block hash changed to 000000000000000000b11819be0140ab69f98cad64a84bdbf3f60049674cfe70
[2025-08-03 00:47:49.315] Stored local workbase with 8 transactions
[2025-08-03 00:48:10.156] [redacted unrelated or identifying data]
[2025-08-03 00:48:10.156] [redacted unrelated or identifying data]
[2025-08-03 00:48:10.156] [redacted unrelated or identifying data]
[2025-08-03 00:48:10.156] [redacted unrelated or identifying data]
[2025-08-03 00:48:19.315] Stored local workbase with 10 transactions
[2025-08-03 00:48:49.316] Stored local workbase with 17 transactions
[2025-08-03 00:49:10.158] [redacted unrelated or identifying data]
[2025-08-03 00:49:10.158] [redacted unrelated or identifying data]
[2025-08-03 00:49:10.158] [redacted unrelated or identifying data]
[2025-08-03 00:49:19.317] Stored local workbase with 18 transactions
[2025-08-03 00:49:49.318] Stored local workbase with 20 transactions
[2025-08-03 00:50:02.658] [redacted unrelated or identifying data]
[2025-08-03 00:50:02.660] [redacted unrelated or identifying data]
[2025-08-03 00:50:10.161] [redacted unrelated or identifying data]
[2025-08-03 00:50:10.161] [redacted unrelated or identifying data]
[2025-08-03 00:50:10.161] [redacted unrelated or identifying data]
[2025-08-03 00:50:10.161] [redacted unrelated or identifying data]
[2025-08-03 00:50:19.670] [redacted unrelated or identifying data]
