[2025-08-03 12:51:52.481] [redacted unrelated or identifying data]
[2025-08-03 12:51:52.481] [redacted unrelated or identifying data]
[2025-08-03 12:51:52.481] [redacted unrelated or identifying data]
[2025-08-03 12:51:57.489] Stored local workbase with 90 transactions
[2025-08-03 12:52:27.490] Stored local workbase with 94 transactions
[2025-08-03 12:52:52.484] [redacted unrelated or identifying data]
[2025-08-03 12:52:52.484] [redacted unrelated or identifying data]
[2025-08-03 12:52:52.484] [redacted unrelated or identifying data]
[2025-08-03 12:52:57.492] Stored local workbase with 95 transactions
[2025-08-03 12:53:27.492] Stored local workbase with 99 transactions
[2025-08-03 12:53:52.486] [redacted unrelated or identifying data]
[2025-08-03 12:53:52.486] [redacted unrelated or identifying data]
[2025-08-03 12:53:52.486] [redacted unrelated or identifying data]
[2025-08-03 12:53:52.486] [redacted unrelated or identifying data]
[2025-08-03 12:53:57.492] Stored local workbase with 101 transactions
[2025-08-03 12:54:27.493] Stored local workbase with 105 transactions
[2025-08-03 12:54:28.628] Possible block solve diff 1354234422863.915039 !
[2025-08-03 12:54:28.628] Submitting block data!
[2025-08-03 12:54:28.633] ZMQ block hash 000000000000000000cfd8499a3040682cabee55cc1460930137e705a28974ef
[2025-08-03 12:54:28.633] BLOCK ACCEPTED!
[2025-08-03 12:54:28.907] Solved and confirmed block 910003 by [redacted]
[2025-08-03 12:54:28.908] [redacted unrelated or identifying data]
[2025-08-03 12:54:28.908] [redacted unrelated or identifying data]
[2025-08-03 12:54:28.908] Block solved after 489356051516 shares at 83.6% diff
[2025-08-03 12:54:28.908] Submitting possible block solve share diff 1354234422863.915039 !
[2025-08-03 12:54:28.911] Stored local workbase with 0 transactions
[2025-08-03 12:54:28.911] Network diff set to 584466156143.4
[2025-08-03 12:54:28.912] Block hash changed to 000000000000000000cfd8499a3040682cabee55cc1460930137e705a28974ef
[2025-08-03 12:54:47.488] Stored local workbase with 3 transactions
[2025-08-03 12:54:52.488] [redacted unrelated or identifying data]
[2025-08-03 12:54:52.488] [redacted unrelated or identifying data]
[2025-08-03 12:54:52.488] [redacted unrelated or identifying data]
[2025-08-03 12:54:52.488] [redacted unrelated or identifying data]
[2025-08-03 12:55:03.372] [redacted unrelated or identifying data]
[2025-08-03 12:55:18.373] Stored local workbase with 4 transactions
[2025-08-03 12:55:20.988] [redacted unrelated or identifying data]
[2025-08-03 12:55:48.373] Stored local workbase with 6 transactions
[2025-08-03 12:55:52.491] [redacted unrelated or identifying data]
[2025-08-03 12:55:52.491] [redacted unrelated or identifying data]
[2025-08-03 12:55:52.491] [redacted unrelated or identifying data]
[2025-08-03 12:55:52.491] [redacted unrelated or identifying data]
[2025-08-03 12:56:18.374] Stored local workbase with 8 transactions
[2025-08-03 12:56:48.375] Stored local workbase with 12 transactions
[2025-08-03 12:56:52.493] [redacted unrelated or identifying data]
[2025-08-03 12:56:52.493] [redacted unrelated or identifying data]
[2025-08-03 12:56:52.493] [redacted unrelated or identifying data]
[2025-08-03 12:56:52.493] [redacted unrelated or identifying data]
[2025-08-03 12:57:18.375] Stored local workbase with 16 transactions
[2025-08-03 12:57:48.375] Stored local workbase with 16 transactions
[2025-08-03 12:57:52.495] [redacted unrelated or identifying data]
[2025-08-03 12:57:52.495] [redacted unrelated or identifying data]
