[2025-08-04 18:35:02.961] [redacted unrelated or identifying data]
[2025-08-04 18:35:02.986] [redacted unrelated or identifying data]
[2025-08-04 18:35:03.005] [redacted unrelated or identifying data]
[2025-08-04 18:35:12.013] Stored local workbase with 14 transactions
[2025-08-04 18:35:19.529] [redacted unrelated or identifying data]
[2025-08-04 18:35:19.533] [redacted unrelated or identifying data]
[2025-08-04 18:35:20.154] [redacted unrelated or identifying data]
[2025-08-04 18:35:27.013] Stored local workbase with 15 transactions
[2025-08-04 18:35:41.944] [redacted unrelated or identifying data]
[2025-08-04 18:35:41.944] [redacted unrelated or identifying data]
[2025-08-04 18:35:41.944] [redacted unrelated or identifying data]
[2025-08-04 18:35:41.944] [redacted unrelated or identifying data]
[2025-08-04 18:35:41.944] [redacted unrelated or identifying data]
[2025-08-04 18:35:42.014] Stored local workbase with 18 transactions
[2025-08-04 18:35:57.014] Stored local workbase with 18 transactions
[2025-08-04 18:36:12.015] Stored local workbase with 19 transactions
[2025-08-04 18:36:27.015] Stored local workbase with 20 transactions
[2025-08-04 18:36:37.090] Possible block solve diff 89569060533607.250000 !
[2025-08-04 18:36:37.091] Submitting block data!
[2025-08-04 18:36:37.094] BLOCK ACCEPTED!
[2025-08-04 18:36:37.406] Solved and confirmed block 910200 by [redacted]
[2025-08-04 18:36:37.406] [redacted unrelated or identifying data]
[2025-08-04 18:36:37.406] [redacted unrelated or identifying data]
[2025-08-04 18:36:37.406] Block solved after 45729920864 shares at 7.5% diff
[2025-08-04 18:36:37.406] Submitting possible block solve share diff 89569060533607.250000 !
[2025-08-04 18:36:41.947] [redacted unrelated or identifying data]
[2025-08-04 18:36:41.947] [redacted unrelated or identifying data]
[2025-08-04 18:36:41.947] [redacted unrelated or identifying data]
[2025-08-04 18:36:41.948] [redacted unrelated or identifying data]
[2025-08-04 18:36:41.948] [redacted unrelated or identifying data]
[2025-08-04 18:36:42.014] Stored local workbase with 2 transactions
[2025-08-04 18:36:42.014] Network diff set to 611539655483.4
[2025-08-04 18:36:42.018] Block hash changed to 00000000000000000003247ad03ce362e9b242d889ca00337b83a690bc4858e0
[2025-08-04 18:36:50.867] Stored local workbase with 2 transactions
[2025-08-04 18:37:05.867] Stored local workbase with 4 transactions
[2025-08-04 18:37:20.868] Stored local workbase with 7 transactions
[2025-08-04 18:37:26.211] [redacted unrelated or identifying data]
[2025-08-04 18:37:36.215] Stored local workbase with 10 transactions
[2025-08-04 18:37:41.951] [redacted unrelated or identifying data]
[2025-08-04 18:37:41.951] [redacted unrelated or identifying data]
[2025-08-04 18:37:41.951] [redacted unrelated or identifying data]
[2025-08-04 18:37:41.951] [redacted unrelated or identifying data]
[2025-08-04 18:37:41.951] [redacted unrelated or identifying data]
[2025-08-04 18:37:51.215] Stored local workbase with 12 transactions
[2025-08-04 18:38:06.216] Stored local workbase with 14 transactions
[2025-08-04 18:38:23.197] Stored local workbase with 24 transactions
[2025-08-04 18:38:38.198] Stored local workbase with 26 transactions
[2025-08-04 18:38:41.955] [redacted unrelated or identifying data]
[2025-08-04 18:38:41.955] [redacted unrelated or identifying data]
[2025-08-04 18:38:41.955] [redacted unrelated or identifying data]
[2025-08-04 18:38:41.955] [redacted unrelated or identifying data]
