[2025-08-06 01:33:36.227] Stored local workbase with 123 transactions
[2025-08-06 01:33:45.925] [redacted unrelated or identifying data]
[2025-08-06 01:33:45.925] [redacted unrelated or identifying data]
[2025-08-06 01:33:45.925] [redacted unrelated or identifying data]
[2025-08-06 01:33:45.926] [redacted unrelated or identifying data]
[2025-08-06 01:33:51.227] Stored local workbase with 124 transactions
[2025-08-06 01:34:06.227] Stored local workbase with 127 transactions
[2025-08-06 01:34:21.228] Stored local workbase with 131 transactions
[2025-08-06 01:34:36.227] Stored local workbase with 132 transactions
[2025-08-06 01:34:45.929] [redacted unrelated or identifying data]
[2025-08-06 01:34:45.929] [redacted unrelated or identifying data]
[2025-08-06 01:34:45.929] [redacted unrelated or identifying data]
[2025-08-06 01:34:45.929] [redacted unrelated or identifying data]
[2025-08-06 01:34:51.228] Stored local workbase with 133 transactions
[2025-08-06 01:35:06.229] Stored local workbase with 135 transactions
[2025-08-06 01:35:21.229] Stored local workbase with 139 transactions
[2025-08-06 01:35:33.110] Possible block solve diff 1534157137468.747803 !
[2025-08-06 01:35:33.111] Submitting block data!
[2025-08-06 01:35:33.119] BLOCK ACCEPTED!
[2025-08-06 01:35:33.120] ZMQ block hash 000000000000000000b77821b9055980626c0ee8e804a24ca50aa5b54354796d from endpoint 0
[2025-08-06 01:35:33.403] Solved and confirmed block 910380 by [redacted]
[2025-08-06 01:35:33.403] [redacted unrelated or identifying data]
[2025-08-06 01:35:33.403] [redacted unrelated or identifying data]
[2025-08-06 01:35:33.403] Block solved after 634885500000 shares at 105.1% diff
[2025-08-06 01:35:33.404] Submitting possible block solve share diff 1534157137468.747803 !
[2025-08-06 01:35:33.405] Stored local workbase with 0 transactions
[2025-08-06 01:35:33.405] Network diff set to 602927718170.7
[2025-08-06 01:35:33.411] Block hash changed to 000000000000000000b77821b9055980626c0ee8e804a24ca50aa5b54354796d
[2025-08-06 01:35:33.411] ZMQ block hash 000000000000000000b77821b9055980626c0ee8e804a24ca50aa5b54354796d from endpoint 1
[2025-08-06 01:35:33.412] Stored local workbase with 0 transactions
[2025-08-06 01:35:45.932] [redacted unrelated or identifying data]
[2025-08-06 01:35:45.932] [redacted unrelated or identifying data]
[2025-08-06 01:35:51.219] Stored local workbase with 1 transactions
[2025-08-06 01:36:06.220] Stored local workbase with 3 transactions
[2025-08-06 01:36:21.222] Stored local workbase with 7 transactions
[2025-08-06 01:36:33.698] Possible block solve diff 922520985969.089111 !
[2025-08-06 01:36:33.698] Submitting block data!
[2025-08-06 01:36:33.701] BLOCK ACCEPTED!
[2025-08-06 01:36:33.702] ZMQ block hash 000000000000000001311c3e8930e00a2572a506a9681cc22f6645fcf7eba985 from endpoint 0
[2025-08-06 01:36:33.988] Solved and confirmed block 910381 by [redacted]
[2025-08-06 01:36:33.988] [redacted unrelated or identifying data]
[2025-08-06 01:36:33.988] [redacted unrelated or identifying data]
[2025-08-06 01:36:33.988] Block solved after 8238500000 shares at 1.4% diff
[2025-08-06 01:36:33.988] Submitting possible block solve share diff 922520985969.089111 !
[2025-08-06 01:36:33.990] Stored local workbase with 2 transactions
[2025-08-06 01:36:33.990] Network diff set to 604232132745.5
[2025-08-06 01:36:33.992] Block hash changed to 000000000000000001311c3e8930e00a2572a506a9681cc22f6645fcf7eba985
[2025-08-06 01:36:33.993] ZMQ block hash 000000000000000001311c3e8930e00a2572a506a9681cc22f6645fcf7eba985 from endpoint 1
[2025-08-06 01:36:33.994] Stored local workbase with 2 transactions
[2025-08-06 01:36:45.936] [redacted unrelated or identifying data]
[2025-08-06 01:36:45.936] [redacted unrelated or identifying data]
