[2025-08-07 01:00:38.206] Stored local workbase with 142 transactions
[2025-08-07 01:00:54.623] Stored local workbase with 144 transactions
[2025-08-07 01:01:09.622] Stored local workbase with 148 transactions
[2025-08-07 01:01:11.238] [redacted unrelated or identifying data]
[2025-08-07 01:01:11.238] [redacted unrelated or identifying data]
[2025-08-07 01:01:11.238] [redacted unrelated or identifying data]
[2025-08-07 01:01:11.238] [redacted unrelated or identifying data]
[2025-08-07 01:01:24.623] Stored local workbase with 150 transactions
[2025-08-07 01:01:39.623] Stored local workbase with 158 transactions
[2025-08-07 01:01:54.626] Stored local workbase with 160 transactions
[2025-08-07 01:02:09.623] Stored local workbase with 164 transactions
[2025-08-07 01:02:11.241] [redacted unrelated or identifying data]
[2025-08-07 01:02:11.241] [redacted unrelated or identifying data]
[2025-08-07 01:02:11.241] [redacted unrelated or identifying data]
[2025-08-07 01:02:11.241] [redacted unrelated or identifying data]
[2025-08-07 01:02:24.623] Stored local workbase with 164 transactions
[2025-08-07 01:02:36.099] Possible block solve diff 1868960722371.058838 !
[2025-08-07 01:02:36.100] Submitting block data!
[2025-08-07 01:02:36.113] BLOCK ACCEPTED!
[2025-08-07 01:02:36.114] ZMQ block hash 000000000000000000969a4fd56c3dc9a56921fd0c6e43b9ad8134067af25b63 from endpoint 0
[2025-08-07 01:02:36.379] Solved and confirmed block 910527 by [redacted]
[2025-08-07 01:02:36.379] [redacted unrelated or identifying data]
[2025-08-07 01:02:36.379] [redacted unrelated or identifying data]
[2025-08-07 01:02:36.379] Block solved after 1976818789170 shares at 321.7% diff
[2025-08-07 01:02:36.379] Submitting possible block solve share diff 1868960722371.058838 !
[2025-08-07 01:02:36.381] Stored local workbase with 1 transactions
[2025-08-07 01:02:36.381] Network diff set to 612142300923.4
[2025-08-07 01:02:36.386] Block hash changed to 000000000000000000969a4fd56c3dc9a56921fd0c6e43b9ad8134067af25b63
[2025-08-07 01:02:36.386] ZMQ block hash 000000000000000000969a4fd56c3dc9a56921fd0c6e43b9ad8134067af25b63 from endpoint 1
[2025-08-07 01:02:36.387] Stored local workbase with 1 transactions
[2025-08-07 01:02:54.610] Stored local workbase with 3 transactions
[2025-08-07 01:03:09.611] Stored local workbase with 6 transactions
[2025-08-07 01:03:11.244] [redacted unrelated or identifying data]
[2025-08-07 01:03:11.244] [redacted unrelated or identifying data]
[2025-08-07 01:03:11.244] [redacted unrelated or identifying data]
[2025-08-07 01:03:11.244] [redacted unrelated or identifying data]
[2025-08-07 01:03:24.612] Stored local workbase with 8 transactions
[2025-08-07 01:03:39.612] Stored local workbase with 9 transactions
[2025-08-07 01:03:54.612] Stored local workbase with 10 transactions
[2025-08-07 01:04:09.613] Stored local workbase with 11 transactions
[2025-08-07 01:04:11.248] [redacted unrelated or identifying data]
[2025-08-07 01:04:11.248] [redacted unrelated or identifying data]
[2025-08-07 01:04:11.248] [redacted unrelated or identifying data]
[2025-08-07 01:04:11.248] [redacted unrelated or identifying data]
[2025-08-07 01:04:24.613] Stored local workbase with 12 transactions
[2025-08-07 01:04:39.614] Stored local workbase with 14 transactions
[2025-08-07 01:04:54.614] Stored local workbase with 15 transactions
[2025-08-07 01:05:09.615] Stored local workbase with 16 transactions
[2025-08-07 01:05:11.252] [redacted unrelated or identifying data]
[2025-08-07 01:05:11.252] [redacted unrelated or identifying data]
[2025-08-07 01:05:11.252] [redacted unrelated or identifying data]
