[2025-08-07 16:14:42.886] Stored local workbase with 39 transactions
[2025-08-07 16:14:57.886] Stored local workbase with 41 transactions
[2025-08-07 16:15:12.886] Stored local workbase with 45 transactions
[2025-08-07 16:15:27.887] Stored local workbase with 51 transactions
[2025-08-07 16:15:29.157] [redacted unrelated or identifying data]
[2025-08-07 16:15:29.157] [redacted unrelated or identifying data]
[2025-08-07 16:15:29.157] [redacted unrelated or identifying data]
[2025-08-07 16:15:29.157] [redacted unrelated or identifying data]
[2025-08-07 16:15:42.888] Stored local workbase with 56 transactions
[2025-08-07 16:15:59.010] Stored local workbase with 59 transactions
[2025-08-07 16:16:19.010] Stored local workbase with 60 transactions
[2025-08-07 16:16:29.160] [redacted unrelated or identifying data]
[2025-08-07 16:16:29.160] [redacted unrelated or identifying data]
[2025-08-07 16:16:29.160] [redacted unrelated or identifying data]
[2025-08-07 16:16:29.160] [redacted unrelated or identifying data]
[2025-08-07 16:16:39.011] Stored local workbase with 61 transactions
[2025-08-07 16:16:41.405] Possible block solve diff 2192955571670.151611 !
[2025-08-07 16:16:41.405] Submitting block data!
[2025-08-07 16:16:41.411] BLOCK ACCEPTED!
[2025-08-07 16:16:41.413] ZMQ block hash 000000000000000000805a2a110d4adbfa030b0195f747ae5f88adfa8e880465 from endpoint 0
[2025-08-07 16:16:41.699] Solved and confirmed block 910620 by [redacted]
[2025-08-07 16:16:41.700] [redacted unrelated or identifying data]
[2025-08-07 16:16:41.700] [redacted unrelated or identifying data]
[2025-08-07 16:16:41.700] Block solved after 491419255928 shares at 80.1% diff
[2025-08-07 16:16:41.700] Submitting possible block solve share diff 2192955571670.151611 !
[2025-08-07 16:16:41.702] Stored local workbase with 1 transactions
[2025-08-07 16:16:41.702] Network diff set to 614470473336.7
[2025-08-07 16:16:41.703] Block hash changed to 000000000000000000805a2a110d4adbfa030b0195f747ae5f88adfa8e880465
[2025-08-07 16:16:41.703] ZMQ block hash 000000000000000000805a2a110d4adbfa030b0195f747ae5f88adfa8e880465 from endpoint 1
[2025-08-07 16:16:41.705] Stored local workbase with 1 transactions
[2025-08-07 16:16:41.708] Stored local workbase with 1 transactions
[2025-08-07 16:16:51.366] [redacted unrelated or identifying data]
[2025-08-07 16:16:51.548] [redacted unrelated or identifying data]
[2025-08-07 16:16:56.551] Stored local workbase with 4 transactions
[2025-08-07 16:17:11.552] Stored local workbase with 6 transactions
[2025-08-07 16:17:26.553] Stored local workbase with 7 transactions
[2025-08-07 16:17:29.165] [redacted unrelated or identifying data]
[2025-08-07 16:17:29.165] [redacted unrelated or identifying data]
[2025-08-07 16:17:29.165] [redacted unrelated or identifying data]
[2025-08-07 16:17:29.165] [redacted unrelated or identifying data]
[2025-08-07 16:17:41.554] Stored local workbase with 9 transactions
[2025-08-07 16:17:56.558] Stored local workbase with 9 transactions
[2025-08-07 16:18:11.555] Stored local workbase with 17 transactions
[2025-08-07 16:18:16.237] [redacted unrelated or identifying data]
[2025-08-07 16:18:29.168] [redacted unrelated or identifying data]
[2025-08-07 16:18:29.169] [redacted unrelated or identifying data]
[2025-08-07 16:18:29.169] [redacted unrelated or identifying data]
[2025-08-07 16:18:29.169] [redacted unrelated or identifying data]
[2025-08-07 16:18:29.597] Stored local workbase with 17 transactions
[2025-08-07 16:18:44.598] Stored local workbase with 20 transactions
[2025-08-07 16:19:00.827] Stored local workbase with 21 transactions
