[2025-08-10 17:43:59.908] [redacted unrelated or identifying data]
[2025-08-10 17:43:59.908] [redacted unrelated or identifying data]
[2025-08-10 17:43:59.908] [redacted unrelated or identifying data]
[2025-08-10 17:44:06.276] Stored local workbase with 24 transactions
[2025-08-10 17:44:22.919] Stored local workbase with 24 transactions
[2025-08-10 17:44:40.273] Stored local workbase with 25 transactions
[2025-08-10 17:44:55.273] Stored local workbase with 27 transactions
[2025-08-10 17:44:59.911] [redacted unrelated or identifying data]
[2025-08-10 17:44:59.912] [redacted unrelated or identifying data]
[2025-08-10 17:44:59.912] [redacted unrelated or identifying data]
[2025-08-10 17:44:59.912] [redacted unrelated or identifying data]
[2025-08-10 17:45:02.657] [redacted unrelated or identifying data]
[2025-08-10 17:45:12.663] Stored local workbase with 29 transactions
[2025-08-10 17:45:19.073] [redacted unrelated or identifying data]
[2025-08-10 17:45:27.663] Stored local workbase with 34 transactions
[2025-08-10 17:45:42.665] Stored local workbase with 38 transactions
[2025-08-10 17:45:47.694] Possible block solve diff 657032127222.634277 !
[2025-08-10 17:45:47.694] Submitting block data!
[2025-08-10 17:45:47.698] BLOCK ACCEPTED!
[2025-08-10 17:45:47.699] ZMQ block hash 000000000000000001ac65aab91486feb9170be8b3fdc46c18dce0c0256ca7b3 from endpoint 0
[2025-08-10 17:45:47.993] Solved and confirmed block 911053 by [redacted]
[2025-08-10 17:45:47.993] [redacted unrelated or identifying data]
[2025-08-10 17:45:47.993] [redacted unrelated or identifying data]
[2025-08-10 17:45:47.993] Block solved after 1432115542570 shares at 237.8% diff
[2025-08-10 17:45:47.993] Submitting possible block solve share diff 657032127222.634277 !
[2025-08-10 17:45:47.995] Stored local workbase with 0 transactions
[2025-08-10 17:45:47.995] Network diff set to 602872228763.7
[2025-08-10 17:45:47.996] Block hash changed to 000000000000000001ac65aab91486feb9170be8b3fdc46c18dce0c0256ca7b3
[2025-08-10 17:45:47.998] ZMQ block hash 000000000000000001ac65aab91486feb9170be8b3fdc46c18dce0c0256ca7b3 from endpoint 1
[2025-08-10 17:45:48.000] Stored local workbase with 0 transactions
[2025-08-10 17:45:59.915] [redacted unrelated or identifying data]
[2025-08-10 17:45:59.915] [redacted unrelated or identifying data]
[2025-08-10 17:45:59.915] [redacted unrelated or identifying data]
[2025-08-10 17:46:07.661] Stored local workbase with 1 transactions
[2025-08-10 17:46:22.661] Stored local workbase with 2 transactions
[2025-08-10 17:46:37.662] Stored local workbase with 2 transactions
[2025-08-10 17:46:52.663] Stored local workbase with 2 transactions
[2025-08-10 17:46:59.919] [redacted unrelated or identifying data]
[2025-08-10 17:46:59.919] [redacted unrelated or identifying data]
[2025-08-10 17:46:59.919] [redacted unrelated or identifying data]
[2025-08-10 17:46:59.919] [redacted unrelated or identifying data]
[2025-08-10 17:47:07.663] Stored local workbase with 4 transactions
[2025-08-10 17:47:22.663] Stored local workbase with 7 transactions
[2025-08-10 17:47:37.664] Stored local workbase with 7 transactions
[2025-08-10 17:47:40.175] [redacted unrelated or identifying data]
[2025-08-10 17:47:42.445] [redacted unrelated or identifying data]
[2025-08-10 17:47:55.179] Stored local workbase with 9 transactions
[2025-08-10 17:47:59.923] [redacted unrelated or identifying data]
[2025-08-10 17:47:59.923] [redacted unrelated or identifying data]
[2025-08-10 17:47:59.923] [redacted unrelated or identifying data]
[2025-08-10 17:47:59.923] [redacted unrelated or identifying data]
