[2025-08-11 21:36:06.339] [redacted unrelated or identifying data]
[2025-08-11 21:36:06.339] [redacted unrelated or identifying data]
[2025-08-11 21:36:15.183] Stored local workbase with 6 transactions
[2025-08-11 21:36:18.882] [redacted unrelated or identifying data]
[2025-08-11 21:36:30.164] Stored local workbase with 6 transactions
[2025-08-11 21:36:45.166] Stored local workbase with 9 transactions
[2025-08-11 21:37:01.823] Stored local workbase with 13 transactions
[2025-08-11 21:37:03.156] [redacted unrelated or identifying data]
[2025-08-11 21:37:06.342] [redacted unrelated or identifying data]
[2025-08-11 21:37:06.342] [redacted unrelated or identifying data]
[2025-08-11 21:37:06.342] [redacted unrelated or identifying data]
[2025-08-11 21:37:06.342] [redacted unrelated or identifying data]
[2025-08-11 21:37:06.342] [redacted unrelated or identifying data]
[2025-08-11 21:37:18.668] Stored local workbase with 14 transactions
[2025-08-11 21:37:33.670] Stored local workbase with 18 transactions
[2025-08-11 21:37:48.670] Stored local workbase with 19 transactions
[2025-08-11 21:37:58.123] Possible block solve diff 1138645024979.377686 !
[2025-08-11 21:37:58.123] Submitting block data!
[2025-08-11 21:37:58.127] BLOCK ACCEPTED!
[2025-08-11 21:37:58.127] ZMQ block hash 000000000000000000f732aae1db09e27b0388bbc2f983c0d3ccd19e45a17dd1 from endpoint 0
[2025-08-11 21:37:58.404] Solved and confirmed block 911228 by [redacted]
[2025-08-11 21:37:58.404] [redacted unrelated or identifying data]
[2025-08-11 21:37:58.405] [redacted unrelated or identifying data]
[2025-08-11 21:37:58.405] Block solved after 202034500000 shares at 32.9% diff
[2025-08-11 21:37:58.405] Submitting possible block solve share diff 1138645024979.377686 !
[2025-08-11 21:37:58.408] Stored local workbase with 0 transactions
[2025-08-11 21:37:58.408] Network diff set to 614292365953.1
[2025-08-11 21:37:58.409] Block hash changed to 000000000000000000f732aae1db09e27b0388bbc2f983c0d3ccd19e45a17dd1
[2025-08-11 21:37:58.411] ZMQ block hash 000000000000000000f732aae1db09e27b0388bbc2f983c0d3ccd19e45a17dd1 from endpoint 1
[2025-08-11 21:37:58.412] Stored local workbase with 0 transactions
[2025-08-11 21:38:06.346] [redacted unrelated or identifying data]
[2025-08-11 21:38:06.346] [redacted unrelated or identifying data]
[2025-08-11 21:38:06.346] [redacted unrelated or identifying data]
[2025-08-11 21:38:06.346] [redacted unrelated or identifying data]
[2025-08-11 21:38:06.346] [redacted unrelated or identifying data]
[2025-08-11 21:38:08.633] [redacted unrelated or identifying data]
[2025-08-11 21:38:16.343] Stored local workbase with 7 transactions
[2025-08-11 21:38:17.775] [redacted unrelated or identifying data]
[2025-08-11 21:38:18.058] [redacted unrelated or identifying data]
[2025-08-11 21:38:18.108] [redacted unrelated or identifying data]
[2025-08-11 21:38:31.344] Stored local workbase with 8 transactions
[2025-08-11 21:38:40.567] [redacted unrelated or identifying data]
[2025-08-11 21:38:44.376] [redacted unrelated or identifying data]
[2025-08-11 21:38:49.380] Stored local workbase with 11 transactions
[2025-08-11 21:39:04.380] Stored local workbase with 12 transactions
[2025-08-11 21:39:06.350] [redacted unrelated or identifying data]
[2025-08-11 21:39:06.350] [redacted unrelated or identifying data]
[2025-08-11 21:39:06.350] [redacted unrelated or identifying data]
[2025-08-11 21:39:06.350] [redacted unrelated or identifying data]
[2025-08-11 21:39:06.350] [redacted unrelated or identifying data]
[2025-08-11 21:39:21.348] Stored local workbase with 14 transactions
