[2025-08-12 19:24:31.836] Block hash changed to 00000000000000000062b69749312eaa169ef2e446db3884d1498b0d76f53afe
[2025-08-12 19:24:31.837] ZMQ block hash 00000000000000000062b69749312eaa169ef2e446db3884d1498b0d76f53afe from endpoint 1
[2025-08-12 19:24:31.839] Stored local workbase with 3 transactions
[2025-08-12 19:24:46.219] Stored local workbase with 5 transactions
[2025-08-12 19:25:01.221] Stored local workbase with 10 transactions
[2025-08-12 19:25:02.426] [redacted unrelated or identifying data]
[2025-08-12 19:25:02.427] [redacted unrelated or identifying data]
[2025-08-12 19:25:10.383] [redacted unrelated or identifying data]
[2025-08-12 19:25:10.620] [redacted unrelated or identifying data]
[2025-08-12 19:25:11.223] [redacted unrelated or identifying data]
[2025-08-12 19:25:11.223] [redacted unrelated or identifying data]
[2025-08-12 19:25:11.223] [redacted unrelated or identifying data]
[2025-08-12 19:25:11.223] [redacted unrelated or identifying data]
[2025-08-12 19:25:11.223] [redacted unrelated or identifying data]
[2025-08-12 19:25:16.224] Stored local workbase with 14 transactions
[2025-08-12 19:25:34.975] Stored local workbase with 17 transactions
[2025-08-12 19:25:39.387] Possible block solve diff 1184131817020.396240 !
[2025-08-12 19:25:39.387] Submitting block data!
[2025-08-12 19:25:39.390] BLOCK ACCEPTED!
[2025-08-12 19:25:39.391] ZMQ block hash 000000000000000000edb3c0441217524ecda9313ab772dc99083c303b7f0124 from endpoint 0
[2025-08-12 19:25:39.674] Solved and confirmed block 911379 by [redacted]
[2025-08-12 19:25:39.674] [redacted unrelated or identifying data]
[2025-08-12 19:25:39.674] [redacted unrelated or identifying data]
[2025-08-12 19:25:39.674] Block solved after 412010500000 shares at 64.0% diff
[2025-08-12 19:25:39.674] Submitting possible block solve share diff 1184131817020.396240 !
[2025-08-12 19:25:39.676] Stored local workbase with 1 transactions
[2025-08-12 19:25:39.676] Network diff set to 644950901563.7
[2025-08-12 19:25:39.677] Block hash changed to 000000000000000000edb3c0441217524ecda9313ab772dc99083c303b7f0124
[2025-08-12 19:25:39.679] ZMQ block hash 000000000000000000edb3c0441217524ecda9313ab772dc99083c303b7f0124 from endpoint 1
[2025-08-12 19:25:39.681] Stored local workbase with 1 transactions
[2025-08-12 19:25:39.686] Stored local workbase with 1 transactions
[2025-08-12 19:25:54.973] Stored local workbase with 1 transactions
[2025-08-12 19:25:55.374] [redacted unrelated or identifying data]
[2025-08-12 19:26:09.973] Stored local workbase with 6 transactions
[2025-08-12 19:26:11.227] [redacted unrelated or identifying data]
[2025-08-12 19:26:11.227] [redacted unrelated or identifying data]
[2025-08-12 19:26:11.227] [redacted unrelated or identifying data]
[2025-08-12 19:26:11.227] [redacted unrelated or identifying data]
[2025-08-12 19:26:11.227] [redacted unrelated or identifying data]
[2025-08-12 19:26:26.225] Stored local workbase with 8 transactions
[2025-08-12 19:26:29.296] [redacted unrelated or identifying data]
[2025-08-12 19:26:44.300] Stored local workbase with 12 transactions
[2025-08-12 19:26:59.299] Stored local workbase with 13 transactions
[2025-08-12 19:27:11.231] [redacted unrelated or identifying data]
[2025-08-12 19:27:11.231] [redacted unrelated or identifying data]
[2025-08-12 19:27:11.231] [redacted unrelated or identifying data]
[2025-08-12 19:27:11.231] [redacted unrelated or identifying data]
[2025-08-12 19:27:11.231] [redacted unrelated or identifying data]
[2025-08-12 19:27:16.229] Stored local workbase with 14 transactions
[2025-08-12 19:27:31.230] Stored local workbase with 16 transactions
[2025-08-12 19:27:46.231] Stored local workbase with 19 transactions
