[2025-08-12 12:03:12.074] [redacted unrelated or identifying data]
[2025-08-12 12:03:14.587] Stored local workbase with 22 transactions
[2025-08-12 12:03:16.856] [redacted unrelated or identifying data]
[2025-08-12 12:03:24.232] [redacted unrelated or identifying data]
[2025-08-12 12:03:33.030] Stored local workbase with 24 transactions
[2025-08-12 12:03:43.030] [redacted unrelated or identifying data]
[2025-08-12 12:03:48.548] Stored local workbase with 27 transactions
[2025-08-12 12:04:03.435] Stored local workbase with 28 transactions
[2025-08-12 12:04:09.591] [redacted unrelated or identifying data]
[2025-08-12 12:04:09.591] [redacted unrelated or identifying data]
[2025-08-12 12:04:09.591] [redacted unrelated or identifying data]
[2025-08-12 12:04:09.591] [redacted unrelated or identifying data]
[2025-08-12 12:04:09.591] [redacted unrelated or identifying data]
[2025-08-12 12:04:11.784] [redacted unrelated or identifying data]
[2025-08-12 12:04:18.272] Stored local workbase with 28 transactions
[2025-08-12 12:04:33.122] Stored local workbase with 28 transactions
[2025-08-12 12:04:36.863] Possible block solve diff 822937063069.012573 !
[2025-08-12 12:04:36.863] Submitting block data!
[2025-08-12 12:04:36.866] BLOCK ACCEPTED!
[2025-08-12 12:04:36.867] ZMQ block hash 000000000000000001560826f934285b47bb82b24f991f24f153121ee2f7bd29 from endpoint 0
[2025-08-12 12:04:37.150] Solved and confirmed block 911319 by [redacted]
[2025-08-12 12:04:37.150] [redacted unrelated or identifying data]
[2025-08-12 12:04:37.151] [redacted unrelated or identifying data]
[2025-08-12 12:04:37.151] Block solved after 565257303111 shares at 91.2% diff
[2025-08-12 12:04:37.151] Submitting possible block solve share diff 822937063069.012573 !
[2025-08-12 12:04:37.156] Stored local workbase with 0 transactions
[2025-08-12 12:04:37.156] Network diff set to 620721837673.3
[2025-08-12 12:04:37.157] Block hash changed to 000000000000000001560826f934285b47bb82b24f991f24f153121ee2f7bd29
[2025-08-12 12:04:37.159] ZMQ block hash 000000000000000001560826f934285b47bb82b24f991f24f153121ee2f7bd29 from endpoint 1
[2025-08-12 12:04:37.160] Stored local workbase with 0 transactions
[2025-08-12 12:04:55.787] Stored local workbase with 0 transactions
[2025-08-12 12:05:03.211] [redacted unrelated or identifying data]
[2025-08-12 12:05:03.219] [redacted unrelated or identifying data]
[2025-08-12 12:05:09.595] [redacted unrelated or identifying data]
[2025-08-12 12:05:09.595] [redacted unrelated or identifying data]
[2025-08-12 12:05:09.595] [redacted unrelated or identifying data]
[2025-08-12 12:05:09.595] [redacted unrelated or identifying data]
[2025-08-12 12:05:09.595] [redacted unrelated or identifying data]
[2025-08-12 12:05:14.852] Stored local workbase with 3 transactions
[2025-08-12 12:05:15.354] [redacted unrelated or identifying data]
[2025-08-12 12:05:20.308] [redacted unrelated or identifying data]
[2025-08-12 12:05:20.783] [redacted unrelated or identifying data]
[2025-08-12 12:05:30.682] Stored local workbase with 4 transactions
[2025-08-12 12:05:49.821] Stored local workbase with 5 transactions
[2025-08-12 12:06:07.602] Stored local workbase with 11 transactions
[2025-08-12 12:06:08.671] [redacted unrelated or identifying data]
[2025-08-12 12:06:09.599] [redacted unrelated or identifying data]
[2025-08-12 12:06:09.599] [redacted unrelated or identifying data]
[2025-08-12 12:06:09.599] [redacted unrelated or identifying data]
[2025-08-12 12:06:09.599] [redacted unrelated or identifying data]
[2025-08-12 12:06:09.599] [redacted unrelated or identifying data]
