[2025-08-13 09:26:55.181] Stored local workbase with 42 transactions
[2025-08-13 09:26:55.517] [redacted unrelated or identifying data]
[2025-08-13 09:26:55.518] [redacted unrelated or identifying data]
[2025-08-13 09:26:55.518] [redacted unrelated or identifying data]
[2025-08-13 09:26:55.518] [redacted unrelated or identifying data]
[2025-08-13 09:27:10.182] Stored local workbase with 44 transactions
[2025-08-13 09:27:25.184] Stored local workbase with 50 transactions
[2025-08-13 09:27:40.185] Stored local workbase with 53 transactions
[2025-08-13 09:27:51.724] [redacted unrelated or identifying data]
[2025-08-13 09:27:52.289] [redacted unrelated or identifying data]
[2025-08-13 09:27:55.184] Stored local workbase with 53 transactions
[2025-08-13 09:27:55.521] [redacted unrelated or identifying data]
[2025-08-13 09:27:55.521] [redacted unrelated or identifying data]
[2025-08-13 09:27:55.521] [redacted unrelated or identifying data]
[2025-08-13 09:27:55.521] [redacted unrelated or identifying data]
[2025-08-13 09:28:10.185] Stored local workbase with 56 transactions
[2025-08-13 09:28:14.123] Possible block solve diff 1001085045855.738403 !
[2025-08-13 09:28:14.123] Submitting block data!
[2025-08-13 09:28:14.129] BLOCK ACCEPTED!
[2025-08-13 09:28:14.135] ZMQ block hash 000000000000000001192a6508ed48a0bd0e167c0c0c5fe6e74f2d3532807844 from endpoint 1
[2025-08-13 09:28:14.405] Solved and confirmed block 911458 by [redacted]
[2025-08-13 09:28:14.405] [redacted unrelated or identifying data]
[2025-08-13 09:28:14.405] [redacted unrelated or identifying data]
[2025-08-13 09:28:14.405] Block solved after 294836979930 shares at 46.3% diff
[2025-08-13 09:28:14.405] Submitting possible block solve share diff 1001085045855.738403 !
[2025-08-13 09:28:14.407] Stored local workbase with 1 transactions
[2025-08-13 09:28:14.407] Network diff set to 636834009671.4
[2025-08-13 09:28:14.409] Block hash changed to 000000000000000001192a6508ed48a0bd0e167c0c0c5fe6e74f2d3532807844
[2025-08-13 09:28:14.411] ZMQ block hash 000000000000000001192a6508ed48a0bd0e167c0c0c5fe6e74f2d3532807844 from endpoint 0
[2025-08-13 09:28:14.412] Stored local workbase with 1 transactions
[2025-08-13 09:28:19.920] [redacted unrelated or identifying data]
[2025-08-13 09:28:24.029] [redacted unrelated or identifying data]
[2025-08-13 09:28:25.107] [redacted unrelated or identifying data]
[2025-08-13 09:28:25.720] [redacted unrelated or identifying data]
[2025-08-13 09:28:30.179] Stored local workbase with 13 transactions
[2025-08-13 09:28:45.179] Stored local workbase with 14 transactions
[2025-08-13 09:28:55.522] [redacted unrelated or identifying data]
[2025-08-13 09:28:55.522] [redacted unrelated or identifying data]
[2025-08-13 09:28:55.522] [redacted unrelated or identifying data]
[2025-08-13 09:28:55.522] [redacted unrelated or identifying data]
[2025-08-13 09:29:00.180] Stored local workbase with 17 transactions
[2025-08-13 09:29:11.667] [redacted unrelated or identifying data]
[2025-08-13 09:29:15.181] Stored local workbase with 19 transactions
[2025-08-13 09:29:30.182] Stored local workbase with 21 transactions
[2025-08-13 09:29:45.181] Stored local workbase with 22 transactions
[2025-08-13 09:29:55.523] [redacted unrelated or identifying data]
[2025-08-13 09:29:55.523] [redacted unrelated or identifying data]
[2025-08-13 09:30:00.181] Stored local workbase with 23 transactions
[2025-08-13 09:30:03.097] [redacted unrelated or identifying data]
[2025-08-13 09:30:03.758] [redacted unrelated or identifying data]
[2025-08-13 09:30:03.759] [redacted unrelated or identifying data]
