[2025-08-13 17:49:57.439] [redacted unrelated or identifying data]
[2025-08-13 17:49:57.439] [redacted unrelated or identifying data]
[2025-08-13 17:49:57.439] [redacted unrelated or identifying data]
[2025-08-13 17:50:02.637] Stored local workbase with 320 transactions
[2025-08-13 17:50:02.879] [redacted unrelated or identifying data]
[2025-08-13 17:50:02.879] [redacted unrelated or identifying data]
[2025-08-13 17:50:02.903] [redacted unrelated or identifying data]
[2025-08-13 17:50:02.903] [redacted unrelated or identifying data]
[2025-08-13 17:50:02.908] [redacted unrelated or identifying data]
[2025-08-13 17:50:02.908] [redacted unrelated or identifying data]
[2025-08-13 17:50:17.928] Stored local workbase with 321 transactions
[2025-08-13 17:50:18.809] [redacted unrelated or identifying data]
[2025-08-13 17:50:18.883] [redacted unrelated or identifying data]
[2025-08-13 17:50:18.885] [redacted unrelated or identifying data]
[2025-08-13 17:50:32.929] Stored local workbase with 325 transactions
[2025-08-13 17:50:47.930] Stored local workbase with 326 transactions
[2025-08-13 17:50:48.039] Possible block solve diff 206209000926234.843750 !
[2025-08-13 17:50:48.040] Submitting block data!
[2025-08-13 17:50:48.055] BLOCK ACCEPTED!
[2025-08-13 17:50:48.065] ZMQ block hash 000000000000000000015d6f2d370ba411e194502c5735d5480dd864c6cbbaba from endpoint 1
[2025-08-13 17:50:48.349] Solved and confirmed block 911502 by [redacted]
[2025-08-13 17:50:48.349] [redacted unrelated or identifying data]
[2025-08-13 17:50:48.349] [redacted unrelated or identifying data]
[2025-08-13 17:50:48.349] Block solved after 110503791782 shares at 17.6% diff
[2025-08-13 17:50:48.349] Submitting possible block solve share diff 206209000926234.843750 !
[2025-08-13 17:50:48.351] Stored local workbase with 1 transactions
[2025-08-13 17:50:48.351] Network diff set to 627341933887.3
[2025-08-13 17:50:48.354] Block hash changed to 000000000000000000015d6f2d370ba411e194502c5735d5480dd864c6cbbaba
[2025-08-13 17:50:48.356] ZMQ block hash 000000000000000000015d6f2d370ba411e194502c5735d5480dd864c6cbbaba from endpoint 0
[2025-08-13 17:50:48.357] Stored local workbase with 1 transactions
[2025-08-13 17:50:57.443] [redacted unrelated or identifying data]
[2025-08-13 17:50:57.443] [redacted unrelated or identifying data]
[2025-08-13 17:50:57.443] [redacted unrelated or identifying data]
[2025-08-13 17:50:57.443] [redacted unrelated or identifying data]
[2025-08-13 17:51:07.913] Stored local workbase with 4 transactions
[2025-08-13 17:51:22.914] Stored local workbase with 7 transactions
[2025-08-13 17:51:27.766] [redacted unrelated or identifying data]
[2025-08-13 17:51:37.914] Stored local workbase with 10 transactions
[2025-08-13 17:51:52.916] Stored local workbase with 12 transactions
[2025-08-13 17:51:57.446] [redacted unrelated or identifying data]
[2025-08-13 17:51:57.446] [redacted unrelated or identifying data]
[2025-08-13 17:51:57.446] [redacted unrelated or identifying data]
[2025-08-13 17:51:57.446] [redacted unrelated or identifying data]
[2025-08-13 17:51:59.436] [redacted unrelated or identifying data]
[2025-08-13 17:52:09.442] Stored local workbase with 14 transactions
[2025-08-13 17:52:24.443] Stored local workbase with 17 transactions
[2025-08-13 17:52:39.444] Stored local workbase with 21 transactions
[2025-08-13 17:52:54.445] Stored local workbase with 24 transactions
[2025-08-13 17:52:57.450] [redacted unrelated or identifying data]
[2025-08-13 17:52:57.450] [redacted unrelated or identifying data]
[2025-08-13 17:52:57.450] [redacted unrelated or identifying data]
