[2025-08-14 01:52:39.222] Stored local workbase with 248 transactions
[2025-08-14 01:52:54.223] Stored local workbase with 257 transactions
[2025-08-14 01:52:59.216] [redacted unrelated or identifying data]
[2025-08-14 01:52:59.216] [redacted unrelated or identifying data]
[2025-08-14 01:52:59.216] [redacted unrelated or identifying data]
[2025-08-14 01:52:59.216] [redacted unrelated or identifying data]
[2025-08-14 01:53:03.956] [redacted unrelated or identifying data]
[2025-08-14 01:53:13.971] Stored local workbase with 261 transactions
[2025-08-14 01:53:28.972] Stored local workbase with 263 transactions
[2025-08-14 01:53:43.972] Stored local workbase with 264 transactions
[2025-08-14 01:53:58.973] Stored local workbase with 266 transactions
[2025-08-14 01:53:59.222] [redacted unrelated or identifying data]
[2025-08-14 01:53:59.223] [redacted unrelated or identifying data]
[2025-08-14 01:53:59.223] [redacted unrelated or identifying data]
[2025-08-14 01:53:59.223] [redacted unrelated or identifying data]
[2025-08-14 01:54:14.229] Stored local workbase with 273 transactions
[2025-08-14 01:54:16.643] Possible block solve diff 713660825249.073608 !
[2025-08-14 01:54:16.643] Submitting block data!
[2025-08-14 01:54:16.653] BLOCK ACCEPTED!
[2025-08-14 01:54:16.660] ZMQ block hash 0000000000000000018a676c535b33991a3d97859a46604761c180aa36ab94b9 from endpoint 1
[2025-08-14 01:54:16.934] Solved and confirmed block 911549 by [redacted]
[2025-08-14 01:54:16.934] [redacted unrelated or identifying data]
[2025-08-14 01:54:16.934] [redacted unrelated or identifying data]
[2025-08-14 01:54:16.934] Block solved after 349593970702 shares at 55.9% diff
[2025-08-14 01:54:16.934] Submitting possible block solve share diff 713660825249.073608 !
[2025-08-14 01:54:16.937] Stored local workbase with 0 transactions
[2025-08-14 01:54:16.937] Network diff set to 625273295091.1
[2025-08-14 01:54:16.940] Block hash changed to 0000000000000000018a676c535b33991a3d97859a46604761c180aa36ab94b9
[2025-08-14 01:54:16.942] ZMQ block hash 0000000000000000018a676c535b33991a3d97859a46604761c180aa36ab94b9 from endpoint 0
[2025-08-14 01:54:16.943] Stored local workbase with 0 transactions
[2025-08-14 01:54:16.945] Stored local workbase with 0 transactions
[2025-08-14 01:54:34.218] Stored local workbase with 6 transactions
[2025-08-14 01:54:49.218] Stored local workbase with 8 transactions
[2025-08-14 01:54:59.223] [redacted unrelated or identifying data]
[2025-08-14 01:54:59.223] [redacted unrelated or identifying data]
[2025-08-14 01:54:59.223] [redacted unrelated or identifying data]
[2025-08-14 01:54:59.223] [redacted unrelated or identifying data]
[2025-08-14 01:55:02.503] [redacted unrelated or identifying data]
[2025-08-14 01:55:02.513] [redacted unrelated or identifying data]
[2025-08-14 01:55:02.515] [redacted unrelated or identifying data]
[2025-08-14 01:55:07.519] Stored local workbase with 9 transactions
[2025-08-14 01:55:22.520] Stored local workbase with 10 transactions
[2025-08-14 01:55:30.622] [redacted unrelated or identifying data]
[2025-08-14 01:55:37.520] Stored local workbase with 12 transactions
[2025-08-14 01:55:52.521] Stored local workbase with 14 transactions
[2025-08-14 01:55:59.227] [redacted unrelated or identifying data]
[2025-08-14 01:55:59.227] [redacted unrelated or identifying data]
[2025-08-14 01:55:59.227] [redacted unrelated or identifying data]
[2025-08-14 01:55:59.227] [redacted unrelated or identifying data]
[2025-08-14 01:56:00.838] [redacted unrelated or identifying data]
[2025-08-14 01:56:01.242] [redacted unrelated or identifying data]
