[2025-08-14 03:50:22.653] Stored local workbase with 125 transactions
[2025-08-14 03:50:37.653] Stored local workbase with 128 transactions
[2025-08-14 03:50:52.654] Stored local workbase with 132 transactions
[2025-08-14 03:50:59.655] [redacted unrelated or identifying data]
[2025-08-14 03:50:59.655] [redacted unrelated or identifying data]
[2025-08-14 03:50:59.655] [redacted unrelated or identifying data]
[2025-08-14 03:50:59.655] [redacted unrelated or identifying data]
[2025-08-14 03:51:09.665] Stored local workbase with 136 transactions
[2025-08-14 03:51:24.666] Stored local workbase with 140 transactions
[2025-08-14 03:51:39.665] Stored local workbase with 145 transactions
[2025-08-14 03:51:54.667] Stored local workbase with 146 transactions
[2025-08-14 03:51:59.663] [redacted unrelated or identifying data]
[2025-08-14 03:51:59.663] [redacted unrelated or identifying data]
[2025-08-14 03:51:59.663] [redacted unrelated or identifying data]
[2025-08-14 03:51:59.663] [redacted unrelated or identifying data]
[2025-08-14 03:52:09.669] Stored local workbase with 153 transactions
[2025-08-14 03:52:23.870] Possible block solve diff 831138666917.585083 !
[2025-08-14 03:52:23.871] Submitting block data!
[2025-08-14 03:52:23.878] BLOCK ACCEPTED!
[2025-08-14 03:52:23.884] ZMQ block hash 00000000000000000152a81dc5a988c415f5ce5d011e456e0bc382f2a20fe598 from endpoint 1
[2025-08-14 03:52:24.167] Solved and confirmed block 911569 by [redacted]
[2025-08-14 03:52:24.167] [redacted unrelated or identifying data]
[2025-08-14 03:52:24.167] [redacted unrelated or identifying data]
[2025-08-14 03:52:24.167] Block solved after 42038022840 shares at 6.6% diff
[2025-08-14 03:52:24.167] Submitting possible block solve share diff 831138666917.585083 !
[2025-08-14 03:52:24.169] Stored local workbase with 2 transactions
[2025-08-14 03:52:24.169] Network diff set to 637758395226.8
[2025-08-14 03:52:24.171] Block hash changed to 00000000000000000152a81dc5a988c415f5ce5d011e456e0bc382f2a20fe598
[2025-08-14 03:52:24.171] ZMQ block hash 00000000000000000152a81dc5a988c415f5ce5d011e456e0bc382f2a20fe598 from endpoint 0
[2025-08-14 03:52:24.173] Stored local workbase with 2 transactions
[2025-08-14 03:52:39.661] Stored local workbase with 9 transactions
[2025-08-14 03:52:54.663] Stored local workbase with 33 transactions
[2025-08-14 03:52:59.666] [redacted unrelated or identifying data]
[2025-08-14 03:52:59.666] [redacted unrelated or identifying data]
[2025-08-14 03:52:59.666] [redacted unrelated or identifying data]
[2025-08-14 03:53:09.666] Stored local workbase with 36 transactions
[2025-08-14 03:53:24.667] Stored local workbase with 39 transactions
[2025-08-14 03:53:39.668] Stored local workbase with 42 transactions
[2025-08-14 03:53:54.668] Stored local workbase with 43 transactions
[2025-08-14 03:53:59.670] [redacted unrelated or identifying data]
[2025-08-14 03:53:59.670] [redacted unrelated or identifying data]
[2025-08-14 03:53:59.670] [redacted unrelated or identifying data]
[2025-08-14 03:53:59.670] [redacted unrelated or identifying data]
[2025-08-14 03:54:09.673] Stored local workbase with 45 transactions
[2025-08-14 03:54:24.673] Stored local workbase with 50 transactions
[2025-08-14 03:54:39.675] Stored local workbase with 54 transactions
[2025-08-14 03:54:54.675] Stored local workbase with 56 transactions
[2025-08-14 03:54:59.674] [redacted unrelated or identifying data]
[2025-08-14 03:54:59.674] [redacted unrelated or identifying data]
[2025-08-14 03:54:59.674] [redacted unrelated or identifying data]
[2025-08-14 03:54:59.674] [redacted unrelated or identifying data]
