[2025-08-14 23:37:30.014] [redacted unrelated or identifying data]
[2025-08-14 23:37:30.014] [redacted unrelated or identifying data]
[2025-08-14 23:37:36.669] Stored local workbase with 74 transactions
[2025-08-14 23:37:51.670] Stored local workbase with 85 transactions
[2025-08-14 23:38:06.670] Stored local workbase with 89 transactions
[2025-08-14 23:38:21.670] Stored local workbase with 91 transactions
[2025-08-14 23:38:30.018] [redacted unrelated or identifying data]
[2025-08-14 23:38:30.018] [redacted unrelated or identifying data]
[2025-08-14 23:38:30.018] [redacted unrelated or identifying data]
[2025-08-14 23:38:30.018] [redacted unrelated or identifying data]
[2025-08-14 23:38:34.216] [redacted unrelated or identifying data]
[2025-08-14 23:38:34.343] [redacted unrelated or identifying data]
[2025-08-14 23:38:36.701] [redacted unrelated or identifying data]
[2025-08-14 23:38:39.354] Stored local workbase with 95 transactions
[2025-08-14 23:38:54.354] Stored local workbase with 100 transactions
[2025-08-14 23:39:09.354] Stored local workbase with 102 transactions
[2025-08-14 23:39:11.567] Possible block solve diff 1553088175237.574707 !
[2025-08-14 23:39:11.567] Submitting block data!
[2025-08-14 23:39:11.574] BLOCK ACCEPTED!
[2025-08-14 23:39:11.575] ZMQ block hash 000000000000000000b53b9fa9c02eed1b654a39975ad232523d5927d8e2ef8e from endpoint 0
[2025-08-14 23:39:11.859] Solved and confirmed block 911683 by [redacted]
[2025-08-14 23:39:11.859] [redacted unrelated or identifying data]
[2025-08-14 23:39:11.859] [redacted unrelated or identifying data]
[2025-08-14 23:39:11.859] Block solved after 523088942242 shares at 83.0% diff
[2025-08-14 23:39:11.859] Submitting possible block solve share diff 1553088175237.574707 !
[2025-08-14 23:39:11.863] Stored local workbase with 0 transactions
[2025-08-14 23:39:11.863] Network diff set to 630575513702.5
[2025-08-14 23:39:11.864] Block hash changed to 000000000000000000b53b9fa9c02eed1b654a39975ad232523d5927d8e2ef8e
[2025-08-14 23:39:11.865] ZMQ block hash 000000000000000000b53b9fa9c02eed1b654a39975ad232523d5927d8e2ef8e from endpoint 1
[2025-08-14 23:39:11.867] Stored local workbase with 0 transactions
[2025-08-14 23:39:29.346] Stored local workbase with 3 transactions
[2025-08-14 23:39:30.022] [redacted unrelated or identifying data]
[2025-08-14 23:39:30.022] [redacted unrelated or identifying data]
[2025-08-14 23:39:30.022] [redacted unrelated or identifying data]
[2025-08-14 23:39:30.022] [redacted unrelated or identifying data]
[2025-08-14 23:39:34.115] [redacted unrelated or identifying data]
[2025-08-14 23:39:34.115] [redacted unrelated or identifying data]
[2025-08-14 23:39:39.914] [redacted unrelated or identifying data]
[2025-08-14 23:39:40.495] [redacted unrelated or identifying data]
[2025-08-14 23:39:44.120] Stored local workbase with 7 transactions
[2025-08-14 23:39:59.120] Stored local workbase with 9 transactions
[2025-08-14 23:40:02.604] [redacted unrelated or identifying data]
[2025-08-14 23:40:03.162] [redacted unrelated or identifying data]
[2025-08-14 23:40:03.178] [redacted unrelated or identifying data]
[2025-08-14 23:40:03.180] [redacted unrelated or identifying data]
[2025-08-14 23:40:07.035] [redacted unrelated or identifying data]
[2025-08-14 23:40:18.185] Stored local workbase with 15 transactions
[2025-08-14 23:40:19.800] [redacted unrelated or identifying data]
[2025-08-14 23:40:19.802] [redacted unrelated or identifying data]
[2025-08-14 23:40:19.803] [redacted unrelated or identifying data]
[2025-08-14 23:40:19.804] [redacted unrelated or identifying data]
