[2025-08-16 15:29:02.597] Stored local workbase with 28 transactions
[2025-08-16 15:29:07.601] Stored local workbase with 29 transactions
[2025-08-16 15:29:12.599] Stored local workbase with 29 transactions
[2025-08-16 15:29:17.600] Stored local workbase with 29 transactions
[2025-08-16 15:29:22.600] Stored local workbase with 30 transactions
[2025-08-16 15:29:27.600] Stored local workbase with 30 transactions
[2025-08-16 15:29:32.602] Stored local workbase with 31 transactions
[2025-08-16 15:29:37.601] Stored local workbase with 31 transactions
[2025-08-16 15:29:42.598] Stored local workbase with 32 transactions
[2025-08-16 15:29:47.598] Stored local workbase with 32 transactions
[2025-08-16 15:29:52.600] Stored local workbase with 32 transactions
[2025-08-16 15:29:57.601] Stored local workbase with 32 transactions
[2025-08-16 15:30:00.159] [redacted unrelated or identifying data]
[2025-08-16 15:30:00.159] [redacted unrelated or identifying data]
[2025-08-16 15:30:00.159] [redacted unrelated or identifying data]
[2025-08-16 15:30:00.159] [redacted unrelated or identifying data]
[2025-08-16 15:30:00.851] Possible block solve diff 693031042016.051880 !
[2025-08-16 15:30:00.851] Submitting block data!
[2025-08-16 15:30:00.855] BLOCK ACCEPTED!
[2025-08-16 15:30:00.855] ZMQ block hash 0000000000000000019624f7df17191f79f54735501e49242ea47843251a604d from endpoint 0
[2025-08-16 15:30:01.129] Solved and confirmed block 911920 by [redacted]
[2025-08-16 15:30:01.129] [redacted unrelated or identifying data]
[2025-08-16 15:30:01.129] [redacted unrelated or identifying data]
[2025-08-16 15:30:01.129] Block solved after 57871683918 shares at 9.2% diff
[2025-08-16 15:30:01.129] Submitting possible block solve share diff 693031042016.051880 !
[2025-08-16 15:30:01.133] Stored local workbase with 1 transactions
[2025-08-16 15:30:01.133] Network diff set to 627429334804.6
[2025-08-16 15:30:01.134] Block hash changed to 0000000000000000019624f7df17191f79f54735501e49242ea47843251a604d
[2025-08-16 15:30:01.134] ZMQ block hash 0000000000000000019624f7df17191f79f54735501e49242ea47843251a604d from endpoint 1
[2025-08-16 15:30:01.136] Stored local workbase with 1 transactions
[2025-08-16 15:30:01.138] Stored local workbase with 1 transactions
[2025-08-16 15:30:02.531] [redacted unrelated or identifying data]
[2025-08-16 15:30:02.533] Stored local workbase with 1 transactions
[2025-08-16 15:30:02.534] [redacted unrelated or identifying data]
[2025-08-16 15:30:03.141] Stored local workbase with 1 transactions
[2025-08-16 15:30:08.142] Stored local workbase with 14 transactions
[2025-08-16 15:30:13.143] Stored local workbase with 14 transactions
[2025-08-16 15:30:18.142] Stored local workbase with 14 transactions
[2025-08-16 15:30:19.286] [redacted unrelated or identifying data]
[2025-08-16 15:30:19.404] [redacted unrelated or identifying data]
[2025-08-16 15:30:23.143] Stored local workbase with 15 transactions
[2025-08-16 15:30:28.144] Stored local workbase with 15 transactions
[2025-08-16 15:30:33.143] Stored local workbase with 18 transactions
[2025-08-16 15:30:38.144] Stored local workbase with 18 transactions
[2025-08-16 15:30:43.144] Stored local workbase with 19 transactions
[2025-08-16 15:30:48.144] Stored local workbase with 19 transactions
[2025-08-16 15:30:53.145] Stored local workbase with 22 transactions
[2025-08-16 15:30:58.145] Stored local workbase with 22 transactions
[2025-08-16 15:31:00.162] [redacted unrelated or identifying data]
[2025-08-16 15:31:00.162] [redacted unrelated or identifying data]
[2025-08-16 15:31:00.162] [redacted unrelated or identifying data]
