[2025-08-16 13:18:07.890] Stored local workbase with 5 transactions
[2025-08-16 13:18:07.890] Network diff set to 620326401968.9
[2025-08-16 13:18:07.890] Block hash changed to 00000000000000000003ea7383b3c9d8865130ec499a7306f5b54329ddc6b08c
[2025-08-16 13:18:07.893] Stored local workbase with 5 transactions
[2025-08-16 13:18:07.893] ZMQ block hash 00000000000000000003ea7383b3c9d8865130ec499a7306f5b54329ddc6b08c from endpoint 0
[2025-08-16 13:18:07.895] Stored local workbase with 5 transactions
[2025-08-16 13:18:07.895] ZMQ block hash 00000000000000000003ea7383b3c9d8865130ec499a7306f5b54329ddc6b08c from endpoint 1
[2025-08-16 13:18:07.897] Stored local workbase with 5 transactions
[2025-08-16 13:18:12.573] Stored local workbase with 5 transactions
[2025-08-16 13:18:17.575] Stored local workbase with 15 transactions
[2025-08-16 13:18:22.575] Stored local workbase with 15 transactions
[2025-08-16 13:18:27.575] Stored local workbase with 16 transactions
[2025-08-16 13:18:32.574] Stored local workbase with 16 transactions
[2025-08-16 13:18:37.575] Stored local workbase with 16 transactions
[2025-08-16 13:18:42.575] Stored local workbase with 17 transactions
[2025-08-16 13:18:47.576] Stored local workbase with 17 transactions
[2025-08-16 13:18:52.573] Possible block solve diff 5221974365415.086914 !
[2025-08-16 13:18:52.575] Stored local workbase with 18 transactions
[2025-08-16 13:18:52.578] BLOCK ACCEPTED!
[2025-08-16 13:18:52.578] ZMQ block hash 00000000000000000035e6b501ac12f99faa2751ca4a1ab8d1b85ebe94d04290 from endpoint 0
[2025-08-16 13:18:52.843] Solved and confirmed block 911903 by [redacted]
[2025-08-16 13:18:52.843] [redacted unrelated or identifying data]
[2025-08-16 13:18:52.843] [redacted unrelated or identifying data]
[2025-08-16 13:18:52.843] Block solved after 1041600983509 shares at 167.9% diff
[2025-08-16 13:18:52.843] Submitting possible block solve share diff 5221974365415.086914 !
[2025-08-16 13:18:52.849] Stored local workbase with 1 transactions
[2025-08-16 13:18:52.849] Network diff set to 621594645764.4
[2025-08-16 13:18:52.849] Block hash changed to 00000000000000000035e6b501ac12f99faa2751ca4a1ab8d1b85ebe94d04290
[2025-08-16 13:18:52.849] ZMQ block hash 00000000000000000035e6b501ac12f99faa2751ca4a1ab8d1b85ebe94d04290 from endpoint 1
[2025-08-16 13:18:52.851] Stored local workbase with 1 transactions
[2025-08-16 13:18:52.854] Stored local workbase with 1 transactions
[2025-08-16 13:18:57.574] Stored local workbase with 1 transactions
[2025-08-16 13:18:59.672] [redacted unrelated or identifying data]
[2025-08-16 13:18:59.672] [redacted unrelated or identifying data]
[2025-08-16 13:18:59.672] [redacted unrelated or identifying data]
[2025-08-16 13:18:59.672] [redacted unrelated or identifying data]
[2025-08-16 13:19:02.574] Stored local workbase with 2 transactions
[2025-08-16 13:19:07.574] Stored local workbase with 2 transactions
[2025-08-16 13:19:12.574] Stored local workbase with 2 transactions
[2025-08-16 13:19:17.575] Stored local workbase with 3 transactions
[2025-08-16 13:19:22.575] Stored local workbase with 3 transactions
[2025-08-16 13:19:27.575] Stored local workbase with 3 transactions
[2025-08-16 13:19:32.576] Stored local workbase with 4 transactions
[2025-08-16 13:19:37.575] Stored local workbase with 4 transactions
[2025-08-16 13:19:42.576] Stored local workbase with 4 transactions
[2025-08-16 13:19:47.576] Stored local workbase with 5 transactions
[2025-08-16 13:19:52.576] Stored local workbase with 5 transactions
[2025-08-16 13:19:57.576] Stored local workbase with 7 transactions
[2025-08-16 13:19:59.676] [redacted unrelated or identifying data]
[2025-08-16 13:19:59.676] [redacted unrelated or identifying data]
[2025-08-16 13:19:59.676] [redacted unrelated or identifying data]
