[2025-08-17 11:37:53.898] Stored local workbase with 118 transactions
[2025-08-17 11:37:58.891] Stored local workbase with 119 transactions
[2025-08-17 11:38:03.899] Stored local workbase with 119 transactions
[2025-08-17 11:38:08.892] Stored local workbase with 122 transactions
[2025-08-17 11:38:13.891] Stored local workbase with 122 transactions
[2025-08-17 11:38:18.893] Stored local workbase with 130 transactions
[2025-08-17 11:38:21.080] [redacted unrelated or identifying data]
[2025-08-17 11:38:21.080] [redacted unrelated or identifying data]
[2025-08-17 11:38:21.080] [redacted unrelated or identifying data]
[2025-08-17 11:38:21.080] [redacted unrelated or identifying data]
[2025-08-17 11:38:23.892] Stored local workbase with 130 transactions
[2025-08-17 11:38:28.892] Stored local workbase with 130 transactions
[2025-08-17 11:38:33.900] Stored local workbase with 130 transactions
[2025-08-17 11:38:38.460] Stored local workbase with 130 transactions
[2025-08-17 11:38:43.453] Stored local workbase with 130 transactions
[2025-08-17 11:38:48.453] Stored local workbase with 131 transactions
[2025-08-17 11:38:53.452] Stored local workbase with 131 transactions
[2025-08-17 11:38:57.186] Possible block solve diff 623611801942.090698 !
[2025-08-17 11:38:57.186] Submitting block data!
[2025-08-17 11:38:57.195] BLOCK ACCEPTED!
[2025-08-17 11:38:57.442] Solved and confirmed block 912035 by [redacted]
[2025-08-17 11:38:57.442] [redacted unrelated or identifying data]
[2025-08-17 11:38:57.442] [redacted unrelated or identifying data]
[2025-08-17 11:38:57.442] Block solved after 266625353112 shares at 43.0% diff
[2025-08-17 11:38:57.443] Submitting possible block solve share diff 623611801942.090698 !
[2025-08-17 11:38:57.446] Stored local workbase with 0 transactions
[2025-08-17 11:38:57.446] Network diff set to 618590329452.7
[2025-08-17 11:38:57.446] Block hash changed to 000000000000000001c35b08e2efc1e26f43633d7ffa898a63762a4e00138d68
[2025-08-17 11:38:57.446] ZMQ block hash 000000000000000001c35b08e2efc1e26f43633d7ffa898a63762a4e00138d68 from endpoint 0
[2025-08-17 11:38:57.448] Stored local workbase with 0 transactions
[2025-08-17 11:38:57.451] Stored local workbase with 0 transactions
[2025-08-17 11:38:57.451] ZMQ block hash 000000000000000001c35b08e2efc1e26f43633d7ffa898a63762a4e00138d68 from endpoint 1
[2025-08-17 11:38:57.453] Stored local workbase with 0 transactions
[2025-08-17 11:38:58.443] Stored local workbase with 0 transactions
[2025-08-17 11:39:03.442] Stored local workbase with 0 transactions
[2025-08-17 11:39:08.443] Stored local workbase with 1 transactions
[2025-08-17 11:39:13.443] Stored local workbase with 1 transactions
[2025-08-17 11:39:18.444] Stored local workbase with 2 transactions
[2025-08-17 11:39:21.081] [redacted unrelated or identifying data]
[2025-08-17 11:39:21.081] [redacted unrelated or identifying data]
[2025-08-17 11:39:21.081] [redacted unrelated or identifying data]
[2025-08-17 11:39:21.081] [redacted unrelated or identifying data]
[2025-08-17 11:39:23.443] Stored local workbase with 2 transactions
[2025-08-17 11:39:28.443] Stored local workbase with 2 transactions
[2025-08-17 11:39:33.443] Stored local workbase with 3 transactions
[2025-08-17 11:39:38.443] Stored local workbase with 3 transactions
[2025-08-17 11:39:43.443] Stored local workbase with 3 transactions
[2025-08-17 11:39:48.444] Stored local workbase with 3 transactions
[2025-08-17 11:39:53.444] Stored local workbase with 3 transactions
[2025-08-17 11:39:58.444] Stored local workbase with 3 transactions
[2025-08-17 11:40:02.619] [redacted unrelated or identifying data]
