[2025-08-17 07:21:34.241] Stored local workbase with 126 transactions
[2025-08-17 07:21:39.240] Stored local workbase with 126 transactions
[2025-08-17 07:21:44.241] Stored local workbase with 129 transactions
[2025-08-17 07:21:49.241] Stored local workbase with 129 transactions
[2025-08-17 07:21:54.247] Stored local workbase with 130 transactions
[2025-08-17 07:21:59.242] Stored local workbase with 130 transactions
[2025-08-17 07:22:04.242] Stored local workbase with 131 transactions
[2025-08-17 07:22:09.241] Stored local workbase with 131 transactions
[2025-08-17 07:22:14.242] Stored local workbase with 133 transactions
[2025-08-17 07:22:19.242] Stored local workbase with 133 transactions
[2025-08-17 07:22:20.149] [redacted unrelated or identifying data]
[2025-08-17 07:22:20.149] [redacted unrelated or identifying data]
[2025-08-17 07:22:20.149] [redacted unrelated or identifying data]
[2025-08-17 07:22:20.149] [redacted unrelated or identifying data]
[2025-08-17 07:22:24.246] Stored local workbase with 136 transactions
[2025-08-17 07:22:29.242] Stored local workbase with 136 transactions
[2025-08-17 07:22:32.908] Possible block solve diff 652261242164.139526 !
[2025-08-17 07:22:32.908] Submitting block data!
[2025-08-17 07:22:32.915] BLOCK ACCEPTED!
[2025-08-17 07:22:32.916] ZMQ block hash 000000000000000001af87d50e364b4020890abfd3d6b8f79c0e999c538a31ee from endpoint 0
[2025-08-17 07:22:33.153] Solved and confirmed block 912009 by [redacted]
[2025-08-17 07:22:33.153] [redacted unrelated or identifying data]
[2025-08-17 07:22:33.153] [redacted unrelated or identifying data]
[2025-08-17 07:22:33.153] Block solved after 707296395641 shares at 114.3% diff
[2025-08-17 07:22:33.153] Submitting possible block solve share diff 652261242164.139526 !
[2025-08-17 07:22:33.156] Stored local workbase with 0 transactions
[2025-08-17 07:22:33.156] Network diff set to 618022630423.2
[2025-08-17 07:22:33.156] Block hash changed to 000000000000000001af87d50e364b4020890abfd3d6b8f79c0e999c538a31ee
[2025-08-17 07:22:33.159] Stored local workbase with 0 transactions
[2025-08-17 07:22:33.159] ZMQ block hash 000000000000000001af87d50e364b4020890abfd3d6b8f79c0e999c538a31ee from endpoint 1
[2025-08-17 07:22:33.162] Stored local workbase with 0 transactions
[2025-08-17 07:22:34.233] Stored local workbase with 0 transactions
[2025-08-17 07:22:39.234] Stored local workbase with 1 transactions
[2025-08-17 07:22:44.233] Stored local workbase with 1 transactions
[2025-08-17 07:22:49.234] Stored local workbase with 3 transactions
[2025-08-17 07:22:54.234] Stored local workbase with 3 transactions
[2025-08-17 07:22:59.234] Stored local workbase with 5 transactions
[2025-08-17 07:23:04.235] Stored local workbase with 5 transactions
[2025-08-17 07:23:09.235] Stored local workbase with 7 transactions
[2025-08-17 07:23:14.235] Stored local workbase with 7 transactions
[2025-08-17 07:23:19.237] Stored local workbase with 9 transactions
[2025-08-17 07:23:20.153] [redacted unrelated or identifying data]
[2025-08-17 07:23:20.153] [redacted unrelated or identifying data]
[2025-08-17 07:23:20.153] [redacted unrelated or identifying data]
[2025-08-17 07:23:20.153] [redacted unrelated or identifying data]
[2025-08-17 07:23:24.236] Stored local workbase with 9 transactions
[2025-08-17 07:23:29.235] Stored local workbase with 9 transactions
[2025-08-17 07:23:34.236] Stored local workbase with 10 transactions
[2025-08-17 07:23:39.236] Stored local workbase with 10 transactions
[2025-08-17 07:23:44.237] Stored local workbase with 13 transactions
[2025-08-17 07:23:49.236] Stored local workbase with 13 transactions
