[2025-08-18 01:22:22.880] Stored local workbase with 80 transactions
[2025-08-18 01:22:24.085] [redacted unrelated or identifying data]
[2025-08-18 01:22:24.085] [redacted unrelated or identifying data]
[2025-08-18 01:22:24.085] [redacted unrelated or identifying data]
[2025-08-18 01:22:24.085] [redacted unrelated or identifying data]
[2025-08-18 01:22:27.880] Stored local workbase with 80 transactions
[2025-08-18 01:22:32.881] Stored local workbase with 82 transactions
[2025-08-18 01:22:37.877] Stored local workbase with 82 transactions
[2025-08-18 01:22:42.884] Stored local workbase with 83 transactions
[2025-08-18 01:22:47.880] Stored local workbase with 83 transactions
[2025-08-18 01:22:52.881] Stored local workbase with 83 transactions
[2025-08-18 01:22:57.890] Stored local workbase with 83 transactions
[2025-08-18 01:23:02.882] Stored local workbase with 85 transactions
[2025-08-18 01:23:07.882] Stored local workbase with 85 transactions
[2025-08-18 01:23:12.882] Stored local workbase with 86 transactions
[2025-08-18 01:23:17.882] Stored local workbase with 86 transactions
[2025-08-18 01:23:18.645] Possible block solve diff 3429564147516.435547 !
[2025-08-18 01:23:18.645] Submitting block data!
[2025-08-18 01:23:18.650] BLOCK ACCEPTED!
[2025-08-18 01:23:18.651] ZMQ block hash 000000000000000000521264e77a6b4d1aa15db0d884598749816991a5d270ef from endpoint 0
[2025-08-18 01:23:18.893] Solved and confirmed block 912116 by [redacted]
[2025-08-18 01:23:18.893] [redacted unrelated or identifying data]
[2025-08-18 01:23:18.893] [redacted unrelated or identifying data]
[2025-08-18 01:23:18.893] Block solved after 717285878117 shares at 116.3% diff
[2025-08-18 01:23:18.893] Submitting possible block solve share diff 3429564147516.435547 !
[2025-08-18 01:23:18.896] Stored local workbase with 0 transactions
[2025-08-18 01:23:18.896] Network diff set to 616441766485.9
[2025-08-18 01:23:18.896] Block hash changed to 000000000000000000521264e77a6b4d1aa15db0d884598749816991a5d270ef
[2025-08-18 01:23:18.896] ZMQ block hash 000000000000000000521264e77a6b4d1aa15db0d884598749816991a5d270ef from endpoint 1
[2025-08-18 01:23:18.898] Stored local workbase with 0 transactions
[2025-08-18 01:23:18.901] Stored local workbase with 0 transactions
[2025-08-18 01:23:22.874] Stored local workbase with 0 transactions
[2025-08-18 01:23:24.088] [redacted unrelated or identifying data]
[2025-08-18 01:23:24.089] [redacted unrelated or identifying data]
[2025-08-18 01:23:24.089] [redacted unrelated or identifying data]
[2025-08-18 01:23:24.089] [redacted unrelated or identifying data]
[2025-08-18 01:23:27.874] Stored local workbase with 0 transactions
[2025-08-18 01:23:32.874] Stored local workbase with 0 transactions
[2025-08-18 01:23:37.874] Stored local workbase with 0 transactions
[2025-08-18 01:23:42.875] Stored local workbase with 0 transactions
[2025-08-18 01:23:47.875] Stored local workbase with 1 transactions
[2025-08-18 01:23:52.875] Stored local workbase with 1 transactions
[2025-08-18 01:23:57.875] Stored local workbase with 2 transactions
[2025-08-18 01:24:02.875] Stored local workbase with 2 transactions
[2025-08-18 01:24:07.876] Stored local workbase with 3 transactions
[2025-08-18 01:24:12.875] Stored local workbase with 3 transactions
[2025-08-18 01:24:17.876] Stored local workbase with 4 transactions
[2025-08-18 01:24:19.572] [redacted unrelated or identifying data]
[2025-08-18 01:24:19.574] Stored local workbase with 4 transactions
[2025-08-18 01:24:24.092] [redacted unrelated or identifying data]
[2025-08-18 01:24:24.092] [redacted unrelated or identifying data]
